Archive member included because of file (symbol)

c:/program files (x86)/gnu tools arm embedded/4.6 2012q4/bin/../lib/gcc/arm-none-eabi/4.6.2/../../../../arm-none-eabi/lib/armv7e-m/softfp\libstdc++.a(si_class_type_info.o)
                              RF24_Impl.o (vtable for __cxxabiv1::__si_class_type_info)
c:/program files (x86)/gnu tools arm embedded/4.6 2012q4/bin/../lib/gcc/arm-none-eabi/4.6.2/../../../../arm-none-eabi/lib/armv7e-m/softfp\libstdc++.a(eh_arm.o)
                              main.o (__cxa_end_cleanup)
c:/program files (x86)/gnu tools arm embedded/4.6 2012q4/bin/../lib/gcc/arm-none-eabi/4.6.2/../../../../arm-none-eabi/lib/armv7e-m/softfp\libstdc++.a(pure.o)
                              RF24\RF24.o (__cxa_pure_virtual)
c:/program files (x86)/gnu tools arm embedded/4.6 2012q4/bin/../lib/gcc/arm-none-eabi/4.6.2/../../../../arm-none-eabi/lib/armv7e-m/softfp\libstdc++.a(eh_aux_runtime.o)
                              c:/program files (x86)/gnu tools arm embedded/4.6 2012q4/bin/../lib/gcc/arm-none-eabi/4.6.2/../../../../arm-none-eabi/lib/armv7e-m/softfp\libstdc++.a(eh_arm.o) (__cxa_bad_typeid)
c:/program files (x86)/gnu tools arm embedded/4.6 2012q4/bin/../lib/gcc/arm-none-eabi/4.6.2/../../../../arm-none-eabi/lib/armv7e-m/softfp\libstdc++.a(eh_globals.o)
                              c:/program files (x86)/gnu tools arm embedded/4.6 2012q4/bin/../lib/gcc/arm-none-eabi/4.6.2/../../../../arm-none-eabi/lib/armv7e-m/softfp\libstdc++.a(eh_arm.o) (__cxa_get_globals)
c:/program files (x86)/gnu tools arm embedded/4.6 2012q4/bin/../lib/gcc/arm-none-eabi/4.6.2/../../../../arm-none-eabi/lib/armv7e-m/softfp\libstdc++.a(bad_cast.o)
                              c:/program files (x86)/gnu tools arm embedded/4.6 2012q4/bin/../lib/gcc/arm-none-eabi/4.6.2/../../../../arm-none-eabi/lib/armv7e-m/softfp\libstdc++.a(eh_aux_runtime.o) (typeinfo for std::bad_cast)
c:/program files (x86)/gnu tools arm embedded/4.6 2012q4/bin/../lib/gcc/arm-none-eabi/4.6.2/../../../../arm-none-eabi/lib/armv7e-m/softfp\libstdc++.a(eh_exception.o)
                              c:/program files (x86)/gnu tools arm embedded/4.6 2012q4/bin/../lib/gcc/arm-none-eabi/4.6.2/../../../../arm-none-eabi/lib/armv7e-m/softfp\libstdc++.a(bad_cast.o) (std::exception::~exception())
c:/program files (x86)/gnu tools arm embedded/4.6 2012q4/bin/../lib/gcc/arm-none-eabi/4.6.2/../../../../arm-none-eabi/lib/armv7e-m/softfp\libstdc++.a(del_op.o)
                              main.o (operator delete(void*))
c:/program files (x86)/gnu tools arm embedded/4.6 2012q4/bin/../lib/gcc/arm-none-eabi/4.6.2/../../../../arm-none-eabi/lib/armv7e-m/softfp\libstdc++.a(class_type_info.o)
                              c:/program files (x86)/gnu tools arm embedded/4.6 2012q4/bin/../lib/gcc/arm-none-eabi/4.6.2/../../../../arm-none-eabi/lib/armv7e-m/softfp\libstdc++.a(si_class_type_info.o) (__cxxabiv1::__class_type_info::__do_upcast(__cxxabiv1::__class_type_info const*, void**) const)
c:/program files (x86)/gnu tools arm embedded/4.6 2012q4/bin/../lib/gcc/arm-none-eabi/4.6.2/../../../../arm-none-eabi/lib/armv7e-m/softfp\libstdc++.a(eh_throw.o)
                              c:/program files (x86)/gnu tools arm embedded/4.6 2012q4/bin/../lib/gcc/arm-none-eabi/4.6.2/../../../../arm-none-eabi/lib/armv7e-m/softfp\libstdc++.a(eh_aux_runtime.o) (__cxa_throw)
c:/program files (x86)/gnu tools arm embedded/4.6 2012q4/bin/../lib/gcc/arm-none-eabi/4.6.2/../../../../arm-none-eabi/lib/armv7e-m/softfp\libstdc++.a(eh_personality.o)
                              main.o (__gxx_personality_v0)
c:/program files (x86)/gnu tools arm embedded/4.6 2012q4/bin/../lib/gcc/arm-none-eabi/4.6.2/../../../../arm-none-eabi/lib/armv7e-m/softfp\libstdc++.a(eh_term_handler.o)
                              c:/program files (x86)/gnu tools arm embedded/4.6 2012q4/bin/../lib/gcc/arm-none-eabi/4.6.2/../../../../arm-none-eabi/lib/armv7e-m/softfp\libstdc++.a(eh_throw.o) (__cxxabiv1::__terminate_handler)
c:/program files (x86)/gnu tools arm embedded/4.6 2012q4/bin/../lib/gcc/arm-none-eabi/4.6.2/../../../../arm-none-eabi/lib/armv7e-m/softfp\libstdc++.a(eh_alloc.o)
                              c:/program files (x86)/gnu tools arm embedded/4.6 2012q4/bin/../lib/gcc/arm-none-eabi/4.6.2/../../../../arm-none-eabi/lib/armv7e-m/softfp\libstdc++.a(eh_aux_runtime.o) (__cxa_allocate_exception)
c:/program files (x86)/gnu tools arm embedded/4.6 2012q4/bin/../lib/gcc/arm-none-eabi/4.6.2/../../../../arm-none-eabi/lib/armv7e-m/softfp\libstdc++.a(bad_typeid.o)
                              c:/program files (x86)/gnu tools arm embedded/4.6 2012q4/bin/../lib/gcc/arm-none-eabi/4.6.2/../../../../arm-none-eabi/lib/armv7e-m/softfp\libstdc++.a(eh_aux_runtime.o) (typeinfo for std::bad_typeid)
c:/program files (x86)/gnu tools arm embedded/4.6 2012q4/bin/../lib/gcc/arm-none-eabi/4.6.2/../../../../arm-none-eabi/lib/armv7e-m/softfp\libstdc++.a(eh_terminate.o)
[...]
Memory Configuration

Name             Origin             Length             Attributes
FLASH            0x08000000         0x00200000         xr
RAM              0x20000000         0x00030000         xrw
CCMRAM           0x10000000         0x00010000         rw
*default*        0x00000000         0xffffffff

Linker script and memory map

LOAD c:/program files (x86)/gnu tools arm embedded/4.6 2012q4/bin/../lib/gcc/arm-none-eabi/4.6.2/armv7e-m/softfp/crti.o
LOAD c:/program files (x86)/gnu tools arm embedded/4.6 2012q4/bin/../lib/gcc/arm-none-eabi/4.6.2/armv7e-m/softfp/crtbegin.o
LOAD c:/program files (x86)/gnu tools arm embedded/4.6 2012q4/bin/../lib/gcc/arm-none-eabi/4.6.2/../../../../arm-none-eabi/lib/armv7e-m/softfp/crt0.o
                0x00001000                malloc_getpagesize_P = 0x1000
START GROUP
LOAD c:/program files (x86)/gnu tools arm embedded/4.6 2012q4/bin/../lib/gcc/arm-none-eabi/4.6.2/armv7e-m/softfp\libgcc.a
LOAD c:/program files (x86)/gnu tools arm embedded/4.6 2012q4/bin/../lib/gcc/arm-none-eabi/4.6.2/../../../../arm-none-eabi/lib/armv7e-m/softfp\librdimon.a
END GROUP
LOAD system_stm32f4xx.o
LOAD syscalls.o
LOAD stm32f4xx_it.o
LOAD stm32f4xx_hal_msp.o
LOAD startup_stm32f429xx.o
LOAD main.o
LOAD RF24_Impl.o
LOAD RF24\RF24.o
LOAD Drivers\STM32F4xx_HAL_Driver\Src\stm32f4xx_hal_spi.o
LOAD Drivers\STM32F4xx_HAL_Driver\Src\stm32f4xx_hal_rcc_ex.o
LOAD Drivers\STM32F4xx_HAL_Driver\Src\stm32f4xx_hal_rcc.o
LOAD Drivers\STM32F4xx_HAL_Driver\Src\stm32f4xx_hal_pwr_ex.o
LOAD Drivers\STM32F4xx_HAL_Driver\Src\stm32f4xx_hal_pwr.o
LOAD Drivers\STM32F4xx_HAL_Driver\Src\stm32f4xx_hal_pcd_ex.o
LOAD Drivers\STM32F4xx_HAL_Driver\Src\stm32f4xx_hal_pcd.o
LOAD Drivers\STM32F4xx_HAL_Driver\Src\stm32f4xx_hal_gpio.o
LOAD Drivers\STM32F4xx_HAL_Driver\Src\stm32f4xx_hal_flash_ex.o
LOAD Drivers\STM32F4xx_HAL_Driver\Src\stm32f4xx_hal_flash.o
LOAD Drivers\STM32F4xx_HAL_Driver\Src\stm32f4xx_hal_dma_ex.o
LOAD Drivers\STM32F4xx_HAL_Driver\Src\stm32f4xx_hal_dma2d.o
LOAD Drivers\STM32F4xx_HAL_Driver\Src\stm32f4xx_hal_dma.o
LOAD Drivers\STM32F4xx_HAL_Driver\Src\stm32f4xx_hal_cortex.o
LOAD Drivers\STM32F4xx_HAL_Driver\Src\stm32f4xx_hal.o
LOAD Drivers\BSP\STM32F429I-Discovery\stm32f429i_discovery.o
LOAD c:/program files (x86)/gnu tools arm embedded/4.6 2012q4/bin/../lib/gcc/arm-none-eabi/4.6.2/../../../../arm-none-eabi/lib/armv7e-m/softfp\libstdc++.a
LOAD c:/program files (x86)/gnu tools arm embedded/4.6 2012q4/bin/../lib/gcc/arm-none-eabi/4.6.2/../../../../arm-none-eabi/lib/armv7e-m/softfp\libm.a
LOAD c:/program files (x86)/gnu tools arm embedded/4.6 2012q4/bin/../lib/gcc/arm-none-eabi/4.6.2/../../../../arm-none-eabi/lib/armv7e-m/softfp\libc.a
START GROUP
LOAD c:/program files (x86)/gnu tools arm embedded/4.6 2012q4/bin/../lib/gcc/arm-none-eabi/4.6.2/armv7e-m/softfp\libgcc.a
LOAD c:/program files (x86)/gnu tools arm embedded/4.6 2012q4/bin/../lib/gcc/arm-none-eabi/4.6.2/../../../../arm-none-eabi/lib/armv7e-m/softfp\libc.a
END GROUP
LOAD c:/program files (x86)/gnu tools arm embedded/4.6 2012q4/bin/../lib/gcc/arm-none-eabi/4.6.2/armv7e-m/softfp/crtend.o
LOAD c:/program files (x86)/gnu tools arm embedded/4.6 2012q4/bin/../lib/gcc/arm-none-eabi/4.6.2/armv7e-m/softfp/crtn.o
                0x2002ffff                _estack = 0x2002ffff
                0x00000c00                _Min_Heap_Size = 0xc00
                0x00000400                _Min_Stack_Size = 0x400

.isr_vector     0x08000000      0x1ac
                0x08000000                . = ALIGN (0x4)
 *(.isr_vector)
 .isr_vector    0x08000000      0x1ac startup_stm32f429xx.o
                0x08000000                g_pfnVectors
                0x080001ac                . = ALIGN (0x4)

.text           0x080001b0    0x14788
                0x080001b0                . = ALIGN (0x4)
 *(.text)
 .text          0x080001b0       0x54 c:/program files (x86)/gnu tools arm embedded/4.6 2012q4/bin/../lib/gcc/arm-none-eabi/4.6.2/armv7e-m/softfp/crtbegin.o
 .text          0x08000204     0x9850 c:/program files (x86)/gnu tools arm embedded/4.6 2012q4/bin/../lib/gcc/arm-none-eabi/4.6.2/../../../../arm-none-eabi/lib/armv7e-m/softfp\libstdc++.a(cp-demangle.o)
                0x0800996c                __cxa_demangle
                0x08009a30                __gcclibcxx_demangle_callback
 .text          0x08009a54      0x370 c:/program files (x86)/gnu tools arm embedded/4.6 2012q4/bin/../lib/gcc/arm-none-eabi/4.6.2/armv7e-m/softfp\libgcc.a(_arm_addsubdf3.o)
                0x08009a54                __aeabi_drsub
                0x08009a5c                __aeabi_dsub
                0x08009a5c                __subdf3
                0x08009a60                __aeabi_dadd
                0x08009a60                __adddf3
                0x08009cd8                __floatunsidf
                0x08009cd8                __aeabi_ui2d
                0x08009cf8                __floatsidf
                0x08009cf8                __aeabi_i2d
                0x08009d1c                __aeabi_f2d
                0x08009d1c                __extendsfdf2
                0x08009d58                __floatundidf
                0x08009d58                __aeabi_ul2d
                0x08009d68                __floatdidf
                0x08009d68                __aeabi_l2d
 .text          0x08009dc4      0x424 c:/program files (x86)/gnu tools arm embedded/4.6 2012q4/bin/../lib/gcc/arm-none-eabi/4.6.2/armv7e-m/softfp\libgcc.a(_arm_muldivdf3.o)
                0x08009dc4                __aeabi_dmul
                0x08009dc4                __muldf3
                0x0800a018                __divdf3
                0x0800a018                __aeabi_ddiv
 .text          0x0800a1e8      0x110 c:/program files (x86)/gnu tools arm embedded/4.6 2012q4/bin/../lib/gcc/arm-none-eabi/4.6.2/armv7e-m/softfp\libgcc.a(_arm_cmpdf2.o)
                0x0800a1e8                __gtdf2
                0x0800a1e8                __gedf2
                0x0800a1f0                __ltdf2
                0x0800a1f0                __ledf2
                0x0800a1f8                __nedf2
                0x0800a1f8                __eqdf2
                0x0800a1f8                __cmpdf2
                0x0800a274                __aeabi_cdrcmple
                0x0800a284                __aeabi_cdcmpeq
                0x0800a284                __aeabi_cdcmple
                0x0800a294                __aeabi_dcmpeq
                0x0800a2a8                __aeabi_dcmplt
                0x0800a2bc                __aeabi_dcmple
                0x0800a2d0                __aeabi_dcmpge
                0x0800a2e4                __aeabi_dcmpgt
 .text          0x0800a2f8       0x50 c:/program files (x86)/gnu tools arm embedded/4.6 2012q4/bin/../lib/gcc/arm-none-eabi/4.6.2/armv7e-m/softfp\libgcc.a(_arm_fixdfsi.o)
                0x0800a2f8                __aeabi_d2iz
                0x0800a2f8                __fixdfsi
 .text          0x0800a348       0x2c c:/program files (x86)/gnu tools arm embedded/4.6 2012q4/bin/../lib/gcc/arm-none-eabi/4.6.2/armv7e-m/softfp\libgcc.a(_aeabi_uldivmod.o)
                0x0800a348                __aeabi_uldivmod
 .text          0x0800a374       0x58 c:/program files (x86)/gnu tools arm embedded/4.6 2012q4/bin/../lib/gcc/arm-none-eabi/4.6.2/armv7e-m/softfp\libgcc.a(bpabi.o)
                0x0800a374                __gnu_ldivmod_helper
                0x0800a3a0                __gnu_uldivmod_helper
 .text          0x0800a3cc      0xb58 c:/program files (x86)/gnu tools arm embedded/4.6 2012q4/bin/../lib/gcc/arm-none-eabi/4.6.2/armv7e-m/softfp\libgcc.a(unwind-arm.o)
                0x0800a674                _Unwind_VRS_Get
                0x0800a6b4                _Unwind_VRS_Set
                0x0800aa14                __aeabi_unwind_cpp_pr2
                0x0800aa18                __aeabi_unwind_cpp_pr1
                0x0800aa1c                __aeabi_unwind_cpp_pr0
                0x0800aa20                _Unwind_VRS_Pop
                0x0800add4                _Unwind_GetCFA
                0x0800add8                __gnu_Unwind_RaiseException
                0x0800ae3c                __gnu_Unwind_ForcedUnwind
                0x0800ae50                __gnu_Unwind_Resume
                0x0800ae8c                __gnu_Unwind_Resume_or_Rethrow
                0x0800ae9c                _Unwind_Complete
                0x0800aea0                _Unwind_DeleteException
                0x0800aeb0                __gnu_Unwind_Backtrace
 .text          0x0800af24      0x1ac c:/program files (x86)/gnu tools arm embedded/4.6 2012q4/bin/../lib/gcc/arm-none-eabi/4.6.2/armv7e-m/softfp\libgcc.a(libunwind.o)
                0x0800af24                __restore_core_regs
                0x0800af24                restore_core_regs
                0x0800af3c                __gnu_Unwind_Restore_VFP
                0x0800af44                __gnu_Unwind_Save_VFP
                0x0800af4c                __gnu_Unwind_Restore_VFP_D
                0x0800af54                __gnu_Unwind_Save_VFP_D
                0x0800af5c                __gnu_Unwind_Restore_VFP_D_16_to_31
                0x0800af64                __gnu_Unwind_Save_VFP_D_16_to_31
                0x0800af6c                __gnu_Unwind_Restore_WMMXD
                0x0800afb0                __gnu_Unwind_Save_WMMXD
                0x0800aff4                __gnu_Unwind_Restore_WMMXC
                0x0800b008                __gnu_Unwind_Save_WMMXC
                0x0800b01c                ___Unwind_RaiseException
                0x0800b01c                _Unwind_RaiseException
                0x0800b040                _Unwind_Resume
                0x0800b040                ___Unwind_Resume
                0x0800b064                _Unwind_Resume_or_Rethrow
                0x0800b064                ___Unwind_Resume_or_Rethrow
                0x0800b088                _Unwind_ForcedUnwind
                0x0800b088                ___Unwind_ForcedUnwind
                0x0800b0ac                ___Unwind_Backtrace
                0x0800b0ac                _Unwind_Backtrace
 .text          0x0800b0d0      0x374 c:/program files (x86)/gnu tools arm embedded/4.6 2012q4/bin/../lib/gcc/arm-none-eabi/4.6.2/armv7e-m/softfp\libgcc.a(pr-support.o)
                0x0800b124                __gnu_unwind_execute
                0x0800b3ec                __gnu_unwind_frame
                0x0800b414                _Unwind_GetRegionStart
                0x0800b420                _Unwind_GetLanguageSpecificData
                0x0800b434                _Unwind_GetDataRelBase
                0x0800b43c                _Unwind_GetTextRelBase
 .text          0x0800b444        0x4 c:/program files (x86)/gnu tools arm embedded/4.6 2012q4/bin/../lib/gcc/arm-none-eabi/4.6.2/armv7e-m/softfp\libgcc.a(_dvmd_tls.o)
                0x0800b444                __aeabi_idiv0
                0x0800b444                __aeabi_ldiv0
 .text          0x0800b448      0x2c8 c:/program files (x86)/gnu tools arm embedded/4.6 2012q4/bin/../lib/gcc/arm-none-eabi/4.6.2/armv7e-m/softfp\libgcc.a(_divdi3.o)
                0x0800b448                __divdi3
 .text          0x0800b710      0x294 c:/program files (x86)/gnu tools arm embedded/4.6 2012q4/bin/../lib/gcc/arm-none-eabi/4.6.2/armv7e-m/softfp\libgcc.a(_udivdi3.o)
                0x0800b710                __udivdi3
 *(.text*)
 .text.SystemInit
                0x0800b9a4       0xb0 system_stm32f4xx.o
                0x0800b9a4                SystemInit
 .text._sbrk    0x0800ba54       0x98 syscalls.o
                0x0800ba54                _sbrk
 .text._getpid  0x0800baec       0x10 syscalls.o
                0x0800baec                _getpid
 .text._kill    0x0800bafc       0x28 syscalls.o
                0x0800bafc                _kill
 .text._exit    0x0800bb24       0x14 syscalls.o
                0x0800bb24                _exit
 .text._write   0x0800bb38       0x44 syscalls.o
                0x0800bb38                _write
 .text._close   0x0800bb7c       0x18 syscalls.o
                0x0800bb7c                _close
 .text._fstat   0x0800bb94       0x24 syscalls.o
                0x0800bb94                _fstat
 .text._isatty  0x0800bbb8       0x18 syscalls.o
                0x0800bbb8                _isatty
 .text._lseek   0x0800bbd0       0x1c syscalls.o
                0x0800bbd0                _lseek
 .text._read    0x0800bbec       0x44 syscalls.o
                0x0800bbec                _read
 .text.NMI_Handler
                0x0800bc30        0xc stm32f4xx_it.o
                0x0800bc30                NMI_Handler
 .text.HardFault_Handler
                0x0800bc3c        0x8 stm32f4xx_it.o
                0x0800bc3c                HardFault_Handler
 .text.MemManage_Handler
                0x0800bc44        0x8 stm32f4xx_it.o
                0x0800bc44                MemManage_Handler
 .text.BusFault_Handler
                0x0800bc4c        0x8 stm32f4xx_it.o
                0x0800bc4c                BusFault_Handler
 .text.UsageFault_Handler
                0x0800bc54        0x8 stm32f4xx_it.o
                0x0800bc54                UsageFault_Handler
 .text.SVC_Handler
                0x0800bc5c        0xc stm32f4xx_it.o
                0x0800bc5c                SVC_Handler
 .text.DebugMon_Handler
                0x0800bc68        0xc stm32f4xx_it.o
                0x0800bc68                DebugMon_Handler
 .text.PendSV_Handler
                0x0800bc74        0xc stm32f4xx_it.o
                0x0800bc74                PendSV_Handler
 .text.SysTick_Handler
                0x0800bc80        0xc stm32f4xx_it.o
                0x0800bc80                SysTick_Handler
 .text.SPI4_IRQHandler
                0x0800bc8c       0x14 stm32f4xx_it.o
                0x0800bc8c                SPI4_IRQHandler
 .text.HAL_SPI_MspInit
                0x0800bca0      0x160 stm32f4xx_hal_msp.o
                0x0800bca0                HAL_SPI_MspInit
 .text.Reset_Handler
                0x0800be00       0x50 startup_stm32f429xx.o
                0x0800be00                Reset_Handler
 .text.Default_Handler
                0x0800be50        0x2 startup_stm32f429xx.o
                0x0800be50                RTC_Alarm_IRQHandler
                0x0800be50                HASH_RNG_IRQHandler
                0x0800be50                EXTI2_IRQHandler
                0x0800be50                TIM8_CC_IRQHandler
                0x0800be50                UART8_IRQHandler
                0x0800be50                TIM1_CC_IRQHandler
                0x0800be50                DMA2_Stream5_IRQHandler
                0x0800be50                DMA1_Stream5_IRQHandler
                0x0800be50                PVD_IRQHandler
                0x0800be50                SDIO_IRQHandler
                0x0800be50                TAMP_STAMP_IRQHandler
                0x0800be50                CAN2_RX1_IRQHandler
                0x0800be50                EXTI3_IRQHandler
                0x0800be50                TIM8_TRG_COM_TIM14_IRQHandler
                0x0800be50                TIM1_UP_TIM10_IRQHandler
                0x0800be50                TIM8_UP_TIM13_IRQHandler
                0x0800be50                I2C3_ER_IRQHandler
                0x0800be50                EXTI0_IRQHandler
                0x0800be50                I2C2_EV_IRQHandler
                0x0800be50                DMA1_Stream2_IRQHandler
                0x0800be50                CAN1_RX0_IRQHandler
                0x0800be50                FPU_IRQHandler
                0x0800be50                OTG_HS_WKUP_IRQHandler
                0x0800be50                LTDC_ER_IRQHandler
                0x0800be50                CAN2_SCE_IRQHandler
                0x0800be50                DMA2_Stream2_IRQHandler
                0x0800be50                SPI1_IRQHandler
                0x0800be50                TIM6_DAC_IRQHandler
                0x0800be50                TIM1_BRK_TIM9_IRQHandler
                0x0800be50                DCMI_IRQHandler
                0x0800be50                CAN2_RX0_IRQHandler
                0x0800be50                DMA2_Stream3_IRQHandler
                0x0800be50                USART6_IRQHandler
                0x0800be50                USART3_IRQHandler
                0x0800be50                CAN1_RX1_IRQHandler
                0x0800be50                UART5_IRQHandler
                0x0800be50                DMA2_Stream0_IRQHandler
                0x0800be50                TIM4_IRQHandler
                0x0800be50                I2C1_EV_IRQHandler
                0x0800be50                DMA1_Stream6_IRQHandler
                0x0800be50                DMA1_Stream1_IRQHandler
                0x0800be50                UART4_IRQHandler
                0x0800be50                TIM3_IRQHandler
                0x0800be50                RCC_IRQHandler
                0x0800be50                TIM8_BRK_TIM12_IRQHandler
                0x0800be50                Default_Handler
                0x0800be50                EXTI15_10_IRQHandler
                0x0800be50                ADC_IRQHandler
                0x0800be50                DMA1_Stream7_IRQHandler
                0x0800be50                SPI5_IRQHandler
                0x0800be50                TIM7_IRQHandler
                0x0800be50                CAN2_TX_IRQHandler
                0x0800be50                TIM5_IRQHandler
                0x0800be50                DMA2_Stream7_IRQHandler
                0x0800be50                I2C3_EV_IRQHandler
                0x0800be50                EXTI9_5_IRQHandler
                0x0800be50                RTC_WKUP_IRQHandler
                0x0800be50                LTDC_IRQHandler
                0x0800be50                ETH_WKUP_IRQHandler
                0x0800be50                SPI2_IRQHandler
                0x0800be50                OTG_HS_EP1_IN_IRQHandler
                0x0800be50                DMA1_Stream0_IRQHandler
                0x0800be50                CAN1_TX_IRQHandler
                0x0800be50                EXTI4_IRQHandler
                0x0800be50                ETH_IRQHandler
                0x0800be50                OTG_HS_EP1_OUT_IRQHandler
                0x0800be50                WWDG_IRQHandler
                0x0800be50                SPI6_IRQHandler
                0x0800be50                TIM2_IRQHandler
                0x0800be50                OTG_FS_WKUP_IRQHandler
                0x0800be50                TIM1_TRG_COM_TIM11_IRQHandler
                0x0800be50                OTG_HS_IRQHandler
                0x0800be50                DMA2D_IRQHandler
                0x0800be50                EXTI1_IRQHandler
                0x0800be50                UART7_IRQHandler
                0x0800be50                USART2_IRQHandler
                0x0800be50                I2C2_ER_IRQHandler
                0x0800be50                DMA2_Stream1_IRQHandler
                0x0800be50                CAN1_SCE_IRQHandler
                0x0800be50                FLASH_IRQHandler
                0x0800be50                DMA2_Stream4_IRQHandler
                0x0800be50                USART1_IRQHandler
                0x0800be50                OTG_FS_IRQHandler
                0x0800be50                SPI3_IRQHandler
                0x0800be50                DMA1_Stream4_IRQHandler
                0x0800be50                I2C1_ER_IRQHandler
                0x0800be50                FMC_IRQHandler
                0x0800be50                DMA2_Stream6_IRQHandler
                0x0800be50                SAI1_IRQHandler
                0x0800be50                DMA1_Stream3_IRQHandler
 *fill*         0x0800be52        0x2 00
 .text._ZN9RF24_ImplD2Ev
                0x0800be54       0x34 main.o
                0x0800be54                RF24_Impl::~RF24_Impl()
                0x0800be54                RF24_Impl::~RF24_Impl()
 .text._ZN9RF24_ImplD0Ev
                0x0800be88       0x20 main.o
                0x0800be88                RF24_Impl::~RF24_Impl()
 .text.main     0x0800bea8      0x21c main.o
                0x0800bea8                main
 .text._ZL13Error_Handlerv
                0x0800c0c4       0x10 main.o
 .text._ZL18SystemClock_Configv
                0x0800c0d4       0xa4 main.o
 .text._ZN9RF24_ImplC2Ev
                0x0800c178       0x38 RF24_Impl.o
                0x0800c178                RF24_Impl::RF24_Impl()
                0x0800c178                RF24_Impl::RF24_Impl()
 .text._ZN9RF24_Impl5delayEm
                0x0800c1b0       0x18 RF24_Impl.o
                0x0800c1b0                RF24_Impl::delay(unsigned long)
 .text._ZN9RF24_Impl7csnHighEv
                0x0800c1c8       0x24 RF24_Impl.o
                0x0800c1c8                RF24_Impl::csnHigh()
 .text._ZN9RF24_Impl6csnLowEv
                0x0800c1ec       0x24 RF24_Impl.o
                0x0800c1ec                RF24_Impl::csnLow()
 .text._ZN9RF24_Impl6ceHighEv
                0x0800c210       0x24 RF24_Impl.o
                0x0800c210                RF24_Impl::ceHigh()
 .text._ZN9RF24_Impl5ceLowEv
                0x0800c234       0x24 RF24_Impl.o
                0x0800c234                RF24_Impl::ceLow()
 .text._ZN9RF24_Impl11spiTransferEh
                0x0800c258       0x54 RF24_Impl.o
                0x0800c258                RF24_Impl::spiTransfer(unsigned char)
 .text._ZN4RF245beginEv
                0x0800c2ac      0x140 RF24\RF24.o
                0x0800c2ac                RF24::begin()
 .text._ZN4RF2413read_registerEh
                0x0800c3ec       0x64 RF24\RF24.o
                0x0800c3ec                RF24::read_register(unsigned char)
 .text._ZN4RF2414write_registerEhPKhh
                0x0800c450       0x94 RF24\RF24.o
                0x0800c450                RF24::write_register(unsigned char, unsigned char const*, unsigned char)
 .text._ZN4RF2414write_registerEhh
                0x0800c4e4       0x70 RF24\RF24.o
                0x0800c4e4                RF24::write_register(unsigned char, unsigned char)
 .text._ZN4RF2413write_payloadEPKvh
                0x0800c554       0xe4 RF24\RF24.o
                0x0800c554                RF24::write_payload(void const*, unsigned char)
 .text._ZN4RF2412read_payloadEPvh
                0x0800c638       0xec RF24\RF24.o
                0x0800c638                RF24::read_payload(void*, unsigned char)
 .text._ZN4RF248flush_rxEv
                0x0800c724       0x48 RF24\RF24.o
                0x0800c724                RF24::flush_rx()
 .text._ZN4RF248flush_txEv
                0x0800c76c       0x48 RF24\RF24.o
                0x0800c76c                RF24::flush_tx()
 .text._ZN4RF2410get_statusEv
                0x0800c7b4       0x48 RF24\RF24.o
                0x0800c7b4                RF24::get_status()
 .text._ZN4RF24C2EPKhS1_
                0x0800c7fc       0x68 RF24\RF24.o
                0x0800c7fc                RF24::RF24(unsigned char const*, unsigned char const*)
                0x0800c7fc                RF24::RF24(unsigned char const*, unsigned char const*)
 .text._ZN4RF2410setChannelEh
                0x0800c864       0x3c RF24\RF24.o
                0x0800c864                RF24::setChannel(unsigned char)
 .text._ZN4RF2414startListeningEv
                0x0800c8a0       0x88 RF24\RF24.o
                0x0800c8a0                RF24::startListening()
 .text._ZN4RF249powerDownEv
                0x0800c928       0x30 RF24\RF24.o
                0x0800c928                RF24::powerDown()
 .text._ZN4RF245writeEPKvh
                0x0800c958       0xac RF24\RF24.o
                0x0800c958                RF24::write(void const*, unsigned char)
 .text._ZN4RF2410startWriteEPKvh
                0x0800ca04       0x58 RF24\RF24.o
                0x0800ca04                RF24::startWrite(void const*, unsigned char)
 .text._ZN4RF2421getDynamicPayloadSizeEv
                0x0800ca5c       0x60 RF24\RF24.o
                0x0800ca5c                RF24::getDynamicPayloadSize()
 .text._ZN4RF249availableEv
                0x0800cabc       0x20 RF24\RF24.o
                0x0800cabc                RF24::available()
 .text._ZN4RF249availableEPh
                0x0800cadc       0x84 RF24\RF24.o
                0x0800cadc                RF24::available(unsigned char*)
 .text._ZN4RF244readEPvh
                0x0800cb60       0x38 RF24\RF24.o
                0x0800cb60                RF24::read(void*, unsigned char)
 .text._ZN4RF2412whatHappenedERbS0_S0_
                0x0800cb98       0x64 RF24\RF24.o
                0x0800cb98                RF24::whatHappened(bool&, bool&, bool&)
 .text._ZN4RF2410setPALevelE13rf24_pa_dbm_e
                0x0800cbfc       0x7c RF24\RF24.o
                0x0800cbfc                RF24::setPALevel(rf24_pa_dbm_e)
 .text._ZN4RF2411setDataRateE15rf24_datarate_e
                0x0800cc78       0xb0 RF24\RF24.o
                0x0800cc78                RF24::setDataRate(rf24_datarate_e)
 .text._ZN4RF2412setCRCLengthE16rf24_crclength_e
                0x0800cd28       0x5c RF24\RF24.o
                0x0800cd28                RF24::setCRCLength(rf24_crclength_e)
 .text._ZSt3minIhERKT_S2_S2_
                0x0800cd84       0x28 RF24\RF24.o
                0x0800cd84                unsigned char const& std::min<unsigned char>(unsigned char const&, unsigned char const&)
 .text.HAL_SPI_Init
                0x0800cdac       0xd4 Drivers\STM32F4xx_HAL_Driver\Src\stm32f4xx_hal_spi.o
                0x0800cdac                HAL_SPI_Init
 .text.HAL_SPI_TransmitReceive
                0x0800ce80      0x554 Drivers\STM32F4xx_HAL_Driver\Src\stm32f4xx_hal_spi.o
                0x0800ce80                HAL_SPI_TransmitReceive
 .text.HAL_SPI_IRQHandler
                0x0800d3d4      0x1a0 Drivers\STM32F4xx_HAL_Driver\Src\stm32f4xx_hal_spi.o
                0x0800d3d4                HAL_SPI_IRQHandler
 .text.HAL_SPI_ErrorCallback
                0x0800d574       0x14 Drivers\STM32F4xx_HAL_Driver\Src\stm32f4xx_hal_spi.o
                0x0800d574                HAL_SPI_ErrorCallback
 .text.HAL_SPI_GetState
                0x0800d588       0x1c Drivers\STM32F4xx_HAL_Driver\Src\stm32f4xx_hal_spi.o
                0x0800d588                HAL_SPI_GetState
 .text.SPI_WaitOnFlagUntilTimeout
                0x0800d5a4      0x164 Drivers\STM32F4xx_HAL_Driver\Src\stm32f4xx_hal_spi.o
 .text.HAL_RCC_OscConfig
                0x0800d708      0x600 Drivers\STM32F4xx_HAL_Driver\Src\stm32f4xx_hal_rcc.o
                0x0800d708                HAL_RCC_OscConfig
 .text.HAL_RCC_ClockConfig
                0x0800dd08      0x388 Drivers\STM32F4xx_HAL_Driver\Src\stm32f4xx_hal_rcc.o
                0x0800dd08                HAL_RCC_ClockConfig
 .text.HAL_RCC_GetSysClockFreq
                0x0800e090      0x188 Drivers\STM32F4xx_HAL_Driver\Src\stm32f4xx_hal_rcc.o
                0x0800e090                HAL_RCC_GetSysClockFreq
 .text.HAL_RCC_GetHCLKFreq
                0x0800e218       0x68 Drivers\STM32F4xx_HAL_Driver\Src\stm32f4xx_hal_rcc.o
                0x0800e218                HAL_RCC_GetHCLKFreq
 .text.HAL_GPIO_Init
                0x0800e280      0x3fc Drivers\STM32F4xx_HAL_Driver\Src\stm32f4xx_hal_gpio.o
                0x0800e280                HAL_GPIO_Init
 .text.HAL_GPIO_ReadPin
                0x0800e67c       0x38 Drivers\STM32F4xx_HAL_Driver\Src\stm32f4xx_hal_gpio.o
                0x0800e67c                HAL_GPIO_ReadPin
 .text.HAL_GPIO_WritePin
                0x0800e6b4       0x30 Drivers\STM32F4xx_HAL_Driver\Src\stm32f4xx_hal_gpio.o
                0x0800e6b4                HAL_GPIO_WritePin
 .text.NVIC_SetPriorityGrouping
                0x0800e6e4       0x50 Drivers\STM32F4xx_HAL_Driver\Src\stm32f4xx_hal_cortex.o
 .text.NVIC_GetPriorityGrouping
                0x0800e734       0x20 Drivers\STM32F4xx_HAL_Driver\Src\stm32f4xx_hal_cortex.o
 .text.NVIC_EnableIRQ
                0x0800e754       0x38 Drivers\STM32F4xx_HAL_Driver\Src\stm32f4xx_hal_cortex.o
 .text.NVIC_SetPriority
                0x0800e78c       0x5c Drivers\STM32F4xx_HAL_Driver\Src\stm32f4xx_hal_cortex.o
 .text.NVIC_EncodePriority
                0x0800e7e8       0x78 Drivers\STM32F4xx_HAL_Driver\Src\stm32f4xx_hal_cortex.o
 .text.SysTick_Config
                0x0800e860       0x64 Drivers\STM32F4xx_HAL_Driver\Src\stm32f4xx_hal_cortex.o
 .text.HAL_NVIC_SetPriorityGrouping
                0x0800e8c4       0x18 Drivers\STM32F4xx_HAL_Driver\Src\stm32f4xx_hal_cortex.o
                0x0800e8c4                HAL_NVIC_SetPriorityGrouping
 .text.HAL_NVIC_SetPriority
                0x0800e8dc       0x3c Drivers\STM32F4xx_HAL_Driver\Src\stm32f4xx_hal_cortex.o
                0x0800e8dc                HAL_NVIC_SetPriority
 .text.HAL_NVIC_EnableIRQ
                0x0800e918       0x1c Drivers\STM32F4xx_HAL_Driver\Src\stm32f4xx_hal_cortex.o
                0x0800e918                HAL_NVIC_EnableIRQ
 .text.HAL_SYSTICK_Config
                0x0800e934       0x1c Drivers\STM32F4xx_HAL_Driver\Src\stm32f4xx_hal_cortex.o
                0x0800e934                HAL_SYSTICK_Config
 .text.HAL_Init
                0x0800e950       0x68 Drivers\STM32F4xx_HAL_Driver\Src\stm32f4xx_hal.o
                0x0800e950                HAL_Init
 .text.HAL_MspInit
                0x0800e9b8        0xc Drivers\STM32F4xx_HAL_Driver\Src\stm32f4xx_hal.o
                0x0800e9b8                HAL_MspInit
 .text.HAL_InitTick
                0x0800e9c4       0x40 Drivers\STM32F4xx_HAL_Driver\Src\stm32f4xx_hal.o
                0x0800e9c4                HAL_InitTick
 .text.HAL_IncTick
                0x0800ea04       0x24 Drivers\STM32F4xx_HAL_Driver\Src\stm32f4xx_hal.o
                0x0800ea04                HAL_IncTick
 .text.HAL_GetTick
                0x0800ea28       0x18 Drivers\STM32F4xx_HAL_Driver\Src\stm32f4xx_hal.o
                0x0800ea28                HAL_GetTick
 .text.HAL_Delay
                0x0800ea40       0x30 Drivers\STM32F4xx_HAL_Driver\Src\stm32f4xx_hal.o
                0x0800ea40                HAL_Delay
 .text.BSP_LED_On
                0x0800ea70       0x3c Drivers\BSP\STM32F429I-Discovery\stm32f429i_discovery.o
                0x0800ea70                BSP_LED_On
 .text.BSP_PB_Init
                0x0800eaac       0xe4 Drivers\BSP\STM32F429I-Discovery\stm32f429i_discovery.o
                0x0800eaac                BSP_PB_Init
 .text.BSP_PB_GetState
                0x0800eb90       0x3c Drivers\BSP\STM32F429I-Discovery\stm32f429i_discovery.o
                0x0800eb90                BSP_PB_GetState
 .text._ZN10__cxxabiv120__si_class_type_infoD2Ev
                0x0800ebcc       0x14 c:/program files (x86)/gnu tools arm embedded/4.6 2012q4/bin/../lib/gcc/arm-none-eabi/4.6.2/../../../../arm-none-eabi/lib/armv7e-m/softfp\libstdc++.a(si_class_type_info.o)
                0x0800ebcc                __cxxabiv1::__si_class_type_info::~__si_class_type_info()
                0x0800ebcc                __cxxabiv1::__si_class_type_info::~__si_class_type_info()
 .text._ZN10__cxxabiv120__si_class_type_infoD0Ev
                0x0800ebe0       0x1c c:/program files (x86)/gnu tools arm embedded/4.6 2012q4/bin/../lib/gcc/arm-none-eabi/4.6.2/../../../../arm-none-eabi/lib/armv7e-m/softfp\libstdc++.a(si_class_type_info.o)
                0x0800ebe0                __cxxabiv1::__si_class_type_info::~__si_class_type_info()
 .text._ZNK10__cxxabiv120__si_class_type_info11__do_upcastEPKNS_17__class_type_infoEPKvRNS1_15__upcast_resultE
                0x0800ebfc       0x24 c:/program files (x86)/gnu tools arm embedded/4.6 2012q4/bin/../lib/gcc/arm-none-eabi/4.6.2/../../../../arm-none-eabi/lib/armv7e-m/softfp\libstdc++.a(si_class_type_info.o)
                0x0800ebfc                __cxxabiv1::__si_class_type_info::__do_upcast(__cxxabiv1::__class_type_info const*, void const*, __cxxabiv1::__class_type_info::__upcast_result&) const
 .text._ZNK10__cxxabiv120__si_class_type_info12__do_dyncastEiNS_17__class_type_info10__sub_kindEPKS1_PKvS4_S6_RNS1_16__dyncast_resultE
                0x0800ec20       0x94 c:/program files (x86)/gnu tools arm embedded/4.6 2012q4/bin/../lib/gcc/arm-none-eabi/4.6.2/../../../../arm-none-eabi/lib/armv7e-m/softfp\libstdc++.a(si_class_type_info.o)
                0x0800ec20                __cxxabiv1::__si_class_type_info::__do_dyncast(int, __cxxabiv1::__class_type_info::__sub_kind, __cxxabiv1::__class_type_info const*, void const*, __cxxabiv1::__class_type_info const*, void const*, __cxxabiv1::__class_type_info::__dyncast_result&) const
 .text._ZNK10__cxxabiv120__si_class_type_info20__do_find_public_srcEiPKvPKNS_17__class_type_infoES2_
                0x0800ecb4       0x34 c:/program files (x86)/gnu tools arm embedded/4.6 2012q4/bin/../lib/gcc/arm-none-eabi/4.6.2/../../../../arm-none-eabi/lib/armv7e-m/softfp\libstdc++.a(si_class_type_info.o)
                0x0800ecb4                __cxxabiv1::__si_class_type_info::__do_find_public_src(int, void const*, __cxxabiv1::__class_type_info const*, void const*) const
 .text.__cxa_end_cleanup
                0x0800ece8        0xc c:/program files (x86)/gnu tools arm embedded/4.6 2012q4/bin/../lib/gcc/arm-none-eabi/4.6.2/../../../../arm-none-eabi/lib/armv7e-m/softfp\libstdc++.a(eh_arm.o)
                0x0800ece8                __cxa_end_cleanup
 .text.__cxa_type_match
                0x0800ecf4       0xec c:/program files (x86)/gnu tools arm embedded/4.6 2012q4/bin/../lib/gcc/arm-none-eabi/4.6.2/../../../../arm-none-eabi/lib/armv7e-m/softfp\libstdc++.a(eh_arm.o)
                0x0800ecf4                __cxa_type_match
 .text.__cxa_begin_cleanup
                0x0800ede0       0x78 c:/program files (x86)/gnu tools arm embedded/4.6 2012q4/bin/../lib/gcc/arm-none-eabi/4.6.2/../../../../arm-none-eabi/lib/armv7e-m/softfp\libstdc++.a(eh_arm.o)
                0x0800ede0                __cxa_begin_cleanup
 .text.__gnu_end_cleanup
                0x0800ee58       0x7c c:/program files (x86)/gnu tools arm embedded/4.6 2012q4/bin/../lib/gcc/arm-none-eabi/4.6.2/../../../../arm-none-eabi/lib/armv7e-m/softfp\libstdc++.a(eh_arm.o)
                0x0800ee58                __gnu_end_cleanup
 .text.__cxa_pure_virtual
                0x0800eed4       0x18 c:/program files (x86)/gnu tools arm embedded/4.6 2012q4/bin/../lib/gcc/arm-none-eabi/4.6.2/../../../../arm-none-eabi/lib/armv7e-m/softfp\libstdc++.a(pure.o)
                0x0800eed4                __cxa_pure_virtual
 .text.__cxa_bad_typeid
                0x0800eeec       0x24 c:/program files (x86)/gnu tools arm embedded/4.6 2012q4/bin/../lib/gcc/arm-none-eabi/4.6.2/../../../../arm-none-eabi/lib/armv7e-m/softfp\libstdc++.a(eh_aux_runtime.o)
                0x0800eeec                __cxa_bad_typeid
 .text.__cxa_get_globals_fast
                0x0800ef10        0xc c:/program files (x86)/gnu tools arm embedded/4.6 2012q4/bin/../lib/gcc/arm-none-eabi/4.6.2/../../../../arm-none-eabi/lib/armv7e-m/softfp\libstdc++.a(eh_globals.o)
                0x0800ef10                __cxa_get_globals_fast
 .text.__cxa_get_globals
                0x0800ef1c        0xc c:/program files (x86)/gnu tools arm embedded/4.6 2012q4/bin/../lib/gcc/arm-none-eabi/4.6.2/../../../../arm-none-eabi/lib/armv7e-m/softfp\libstdc++.a(eh_globals.o)
                0x0800ef1c                __cxa_get_globals
 .text._ZNSt9exceptionD2Ev
                0x0800ef28        0xc c:/program files (x86)/gnu tools arm embedded/4.6 2012q4/bin/../lib/gcc/arm-none-eabi/4.6.2/../../../../arm-none-eabi/lib/armv7e-m/softfp\libstdc++.a(eh_exception.o)
                0x0800ef28                std::exception::~exception()
                0x0800ef28                std::exception::~exception()
 .text._ZNSt13bad_exceptionD2Ev
                0x0800ef34        0xc c:/program files (x86)/gnu tools arm embedded/4.6 2012q4/bin/../lib/gcc/arm-none-eabi/4.6.2/../../../../arm-none-eabi/lib/armv7e-m/softfp\libstdc++.a(eh_exception.o)
                0x0800ef34                std::bad_exception::~bad_exception()
                0x0800ef34                std::bad_exception::~bad_exception()
 .text._ZNKSt9exception4whatEv
                0x0800ef40        0xc c:/program files (x86)/gnu tools arm embedded/4.6 2012q4/bin/../lib/gcc/arm-none-eabi/4.6.2/../../../../arm-none-eabi/lib/armv7e-m/softfp\libstdc++.a(eh_exception.o)
                0x0800ef40                std::exception::what() const
 .text._ZNKSt13bad_exception4whatEv
                0x0800ef4c        0xc c:/program files (x86)/gnu tools arm embedded/4.6 2012q4/bin/../lib/gcc/arm-none-eabi/4.6.2/../../../../arm-none-eabi/lib/armv7e-m/softfp\libstdc++.a(eh_exception.o)
                0x0800ef4c                std::bad_exception::what() const
 .text._ZNSt13bad_exceptionD0Ev
                0x0800ef58       0x14 c:/program files (x86)/gnu tools arm embedded/4.6 2012q4/bin/../lib/gcc/arm-none-eabi/4.6.2/../../../../arm-none-eabi/lib/armv7e-m/softfp\libstdc++.a(eh_exception.o)
                0x0800ef58                std::bad_exception::~bad_exception()
 .text._ZNSt9exceptionD0Ev
                0x0800ef6c       0x14 c:/program files (x86)/gnu tools arm embedded/4.6 2012q4/bin/../lib/gcc/arm-none-eabi/4.6.2/../../../../arm-none-eabi/lib/armv7e-m/softfp\libstdc++.a(eh_exception.o)
                0x0800ef6c                std::exception::~exception()
 .text._ZdlPv   0x0800ef80        0x8 c:/program files (x86)/gnu tools arm embedded/4.6 2012q4/bin/../lib/gcc/arm-none-eabi/4.6.2/../../../../arm-none-eabi/lib/armv7e-m/softfp\libstdc++.a(del_op.o)
                0x0800ef80                operator delete(void*)
 .text._ZNK10__cxxabiv117__class_type_info11__do_upcastEPKS0_PPv
                0x0800ef88       0x38 c:/program files (x86)/gnu tools arm embedded/4.6 2012q4/bin/../lib/gcc/arm-none-eabi/4.6.2/../../../../arm-none-eabi/lib/armv7e-m/softfp\libstdc++.a(class_type_info.o)
                0x0800ef88                __cxxabiv1::__class_type_info::__do_upcast(__cxxabiv1::__class_type_info const*, void**) const
 .text._ZNK10__cxxabiv117__class_type_info20__do_find_public_srcEiPKvPKS0_S2_
                0x0800efc0        0xc c:/program files (x86)/gnu tools arm embedded/4.6 2012q4/bin/../lib/gcc/arm-none-eabi/4.6.2/../../../../arm-none-eabi/lib/armv7e-m/softfp\libstdc++.a(class_type_info.o)
                0x0800efc0                __cxxabiv1::__class_type_info::__do_find_public_src(int, void const*, __cxxabiv1::__class_type_info const*, void const*) const
 .text._ZNK10__cxxabiv117__class_type_info11__do_upcastEPKS0_PKvRNS0_15__upcast_resultE
                0x0800efcc       0x1c c:/program files (x86)/gnu tools arm embedded/4.6 2012q4/bin/../lib/gcc/arm-none-eabi/4.6.2/../../../../arm-none-eabi/lib/armv7e-m/softfp\libstdc++.a(class_type_info.o)
                0x0800efcc                __cxxabiv1::__class_type_info::__do_upcast(__cxxabiv1::__class_type_info const*, void const*, __cxxabiv1::__class_type_info::__upcast_result&) const
 .text._ZN10__cxxabiv117__class_type_infoD2Ev
                0x0800efe8       0x14 c:/program files (x86)/gnu tools arm embedded/4.6 2012q4/bin/../lib/gcc/arm-none-eabi/4.6.2/../../../../arm-none-eabi/lib/armv7e-m/softfp\libstdc++.a(class_type_info.o)
                0x0800efe8                __cxxabiv1::__class_type_info::~__class_type_info()
                0x0800efe8                __cxxabiv1::__class_type_info::~__class_type_info()
 .text._ZN10__cxxabiv117__class_type_infoD0Ev
                0x0800effc       0x1c c:/program files (x86)/gnu tools arm embedded/4.6 2012q4/bin/../lib/gcc/arm-none-eabi/4.6.2/../../../../arm-none-eabi/lib/armv7e-m/softfp\libstdc++.a(class_type_info.o)
                0x0800effc                __cxxabiv1::__class_type_info::~__class_type_info()
 .text._ZNK10__cxxabiv117__class_type_info12__do_dyncastEiNS0_10__sub_kindEPKS0_PKvS3_S5_RNS0_16__dyncast_resultE
                0x0800f018       0x3c c:/program files (x86)/gnu tools arm embedded/4.6 2012q4/bin/../lib/gcc/arm-none-eabi/4.6.2/../../../../arm-none-eabi/lib/armv7e-m/softfp\libstdc++.a(class_type_info.o)
                0x0800f018                __cxxabiv1::__class_type_info::__do_dyncast(int, __cxxabiv1::__class_type_info::__sub_kind, __cxxabiv1::__class_type_info const*, void const*, __cxxabiv1::__class_type_info const*, void const*, __cxxabiv1::__class_type_info::__dyncast_result&) const
 .text._ZNK10__cxxabiv117__class_type_info10__do_catchEPKSt9type_infoPPvj
                0x0800f054       0x28 c:/program files (x86)/gnu tools arm embedded/4.6 2012q4/bin/../lib/gcc/arm-none-eabi/4.6.2/../../../../arm-none-eabi/lib/armv7e-m/softfp\libstdc++.a(class_type_info.o)
                0x0800f054                __cxxabiv1::__class_type_info::__do_catch(std::type_info const*, void**, unsigned int) const
 .text._ZL23__gxx_exception_cleanup19_Unwind_Reason_CodeP21_Unwind_Control_Block
                0x0800f07c       0x4c c:/program files (x86)/gnu tools arm embedded/4.6 2012q4/bin/../lib/gcc/arm-none-eabi/4.6.2/../../../../arm-none-eabi/lib/armv7e-m/softfp\libstdc++.a(eh_throw.o)
 .text.__cxa_throw
                0x0800f0c8       0x80 c:/program files (x86)/gnu tools arm embedded/4.6 2012q4/bin/../lib/gcc/arm-none-eabi/4.6.2/../../../../arm-none-eabi/lib/armv7e-m/softfp\libstdc++.a(eh_throw.o)
                0x0800f0c8                __cxa_throw
 .text.__cxa_rethrow
                0x0800f148       0x78 c:/program files (x86)/gnu tools arm embedded/4.6 2012q4/bin/../lib/gcc/arm-none-eabi/4.6.2/../../../../arm-none-eabi/lib/armv7e-m/softfp\libstdc++.a(eh_throw.o)
                0x0800f148                __cxa_rethrow
 .text._ZL12read_sleb128PKhPl
                0x0800f1c0       0x3c c:/program files (x86)/gnu tools arm embedded/4.6 2012q4/bin/../lib/gcc/arm-none-eabi/4.6.2/../../../../arm-none-eabi/lib/armv7e-m/softfp\libstdc++.a(eh_personality.o)
 .text._ZL28read_encoded_value_with_basehjPKhPj
                0x0800f1fc       0xa4 c:/program files (x86)/gnu tools arm embedded/4.6 2012q4/bin/../lib/gcc/arm-none-eabi/4.6.2/../../../../arm-none-eabi/lib/armv7e-m/softfp\libstdc++.a(eh_personality.o)
 .text._ZL21base_of_encoded_valuehP15_Unwind_Context
                0x0800f2a0       0x4c c:/program files (x86)/gnu tools arm embedded/4.6 2012q4/bin/../lib/gcc/arm-none-eabi/4.6.2/../../../../arm-none-eabi/lib/armv7e-m/softfp\libstdc++.a(eh_personality.o)
 .text._ZL17parse_lsda_headerP15_Unwind_ContextPKhP16lsda_header_info.constprop.1
                0x0800f2ec       0x90 c:/program files (x86)/gnu tools arm embedded/4.6 2012q4/bin/../lib/gcc/arm-none-eabi/4.6.2/../../../../arm-none-eabi/lib/armv7e-m/softfp\libstdc++.a(eh_personality.o)
 .text.__gxx_personality_v0
                0x0800f37c      0x3bc c:/program files (x86)/gnu tools arm embedded/4.6 2012q4/bin/../lib/gcc/arm-none-eabi/4.6.2/../../../../arm-none-eabi/lib/armv7e-m/softfp\libstdc++.a(eh_personality.o)
                0x0800f37c                __gxx_personality_v0
 .text.__cxa_allocate_exception
                0x0800f738       0x70 c:/program files (x86)/gnu tools arm embedded/4.6 2012q4/bin/../lib/gcc/arm-none-eabi/4.6.2/../../../../arm-none-eabi/lib/armv7e-m/softfp\libstdc++.a(eh_alloc.o)
                0x0800f738                __cxa_allocate_exception
 .text.__cxa_free_exception
                0x0800f7a8       0x34 c:/program files (x86)/gnu tools arm embedded/4.6 2012q4/bin/../lib/gcc/arm-none-eabi/4.6.2/../../../../arm-none-eabi/lib/armv7e-m/softfp\libstdc++.a(eh_alloc.o)
                0x0800f7a8                __cxa_free_exception
 .text._ZNKSt10bad_typeid4whatEv
                0x0800f7dc        0xc c:/program files (x86)/gnu tools arm embedded/4.6 2012q4/bin/../lib/gcc/arm-none-eabi/4.6.2/../../../../arm-none-eabi/lib/armv7e-m/softfp\libstdc++.a(bad_typeid.o)
                0x0800f7dc                std::bad_typeid::what() const
 .text._ZNSt10bad_typeidD2Ev
                0x0800f7e8       0x14 c:/program files (x86)/gnu tools arm embedded/4.6 2012q4/bin/../lib/gcc/arm-none-eabi/4.6.2/../../../../arm-none-eabi/lib/armv7e-m/softfp\libstdc++.a(bad_typeid.o)
                0x0800f7e8                std::bad_typeid::~bad_typeid()
                0x0800f7e8                std::bad_typeid::~bad_typeid()
 .text._ZNSt10bad_typeidD0Ev
                0x0800f7fc       0x1c c:/program files (x86)/gnu tools arm embedded/4.6 2012q4/bin/../lib/gcc/arm-none-eabi/4.6.2/../../../../arm-none-eabi/lib/armv7e-m/softfp\libstdc++.a(bad_typeid.o)
                0x0800f7fc                std::bad_typeid::~bad_typeid()
 .text._ZN10__cxxabiv111__terminateEPFvvE
                0x0800f818       0x28 c:/program files (x86)/gnu tools arm embedded/4.6 2012q4/bin/../lib/gcc/arm-none-eabi/4.6.2/../../../../arm-none-eabi/lib/armv7e-m/softfp\libstdc++.a(eh_terminate.o)
                0x0800f818                __cxxabiv1::__terminate(void (*)())
 .text._ZSt9terminatev
                0x0800f840       0x10 c:/program files (x86)/gnu tools arm embedded/4.6 2012q4/bin/../lib/gcc/arm-none-eabi/4.6.2/../../../../arm-none-eabi/lib/armv7e-m/softfp\libstdc++.a(eh_terminate.o)
                0x0800f840                std::terminate()
 .text._ZN10__cxxabiv112__unexpectedEPFvvE
                0x0800f850        0x8 c:/program files (x86)/gnu tools arm embedded/4.6 2012q4/bin/../lib/gcc/arm-none-eabi/4.6.2/../../../../arm-none-eabi/lib/armv7e-m/softfp\libstdc++.a(eh_terminate.o)
                0x0800f850                __cxxabiv1::__unexpected(void (*)())
 .text._ZSt10unexpectedv
                0x0800f858       0x14 c:/program files (x86)/gnu tools arm embedded/4.6 2012q4/bin/../lib/gcc/arm-none-eabi/4.6.2/../../../../arm-none-eabi/lib/armv7e-m/softfp\libstdc++.a(eh_terminate.o)
                0x0800f858                std::unexpected()
 .text._ZNSt9type_infoD2Ev
                0x0800f86c        0xc c:/program files (x86)/gnu tools arm embedded/4.6 2012q4/bin/../lib/gcc/arm-none-eabi/4.6.2/../../../../arm-none-eabi/lib/armv7e-m/softfp\libstdc++.a(tinfo.o)
                0x0800f86c                std::type_info::~type_info()
                0x0800f86c                std::type_info::~type_info()
 .text._ZNKSt9type_info14__is_pointer_pEv
                0x0800f878        0x4 c:/program files (x86)/gnu tools arm embedded/4.6 2012q4/bin/../lib/gcc/arm-none-eabi/4.6.2/../../../../arm-none-eabi/lib/armv7e-m/softfp\libstdc++.a(tinfo.o)
                0x0800f878                std::type_info::__is_pointer_p() const
 .text._ZNKSt9type_info15__is_function_pEv
                0x0800f87c        0x4 c:/program files (x86)/gnu tools arm embedded/4.6 2012q4/bin/../lib/gcc/arm-none-eabi/4.6.2/../../../../arm-none-eabi/lib/armv7e-m/softfp\libstdc++.a(tinfo.o)
                0x0800f87c                std::type_info::__is_function_p() const
 .text._ZNKSt9type_info11__do_upcastEPKN10__cxxabiv117__class_type_infoEPPv
                0x0800f880        0x4 c:/program files (x86)/gnu tools arm embedded/4.6 2012q4/bin/../lib/gcc/arm-none-eabi/4.6.2/../../../../arm-none-eabi/lib/armv7e-m/softfp\libstdc++.a(tinfo.o)
                0x0800f880                std::type_info::__do_upcast(__cxxabiv1::__class_type_info const*, void**) const
 .text._ZNSt9type_infoD0Ev
                0x0800f884       0x14 c:/program files (x86)/gnu tools arm embedded/4.6 2012q4/bin/../lib/gcc/arm-none-eabi/4.6.2/../../../../arm-none-eabi/lib/armv7e-m/softfp\libstdc++.a(tinfo.o)
                0x0800f884                std::type_info::~type_info()
 .text._ZNKSt9type_infoeqERKS_
                0x0800f898       0x30 c:/program files (x86)/gnu tools arm embedded/4.6 2012q4/bin/../lib/gcc/arm-none-eabi/4.6.2/../../../../arm-none-eabi/lib/armv7e-m/softfp\libstdc++.a(tinfo.o)
                0x0800f898                std::type_info::operator==(std::type_info const&) const
 .text._ZNKSt9type_info10__do_catchEPKS_PPvj
                0x0800f8c8        0x4 c:/program files (x86)/gnu tools arm embedded/4.6 2012q4/bin/../lib/gcc/arm-none-eabi/4.6.2/../../../../arm-none-eabi/lib/armv7e-m/softfp\libstdc++.a(tinfo.o)
                0x0800f8c8                std::type_info::__do_catch(std::type_info const*, void**, unsigned int) const
 .text._ZN10__cxxabiv123__fundamental_type_infoD2Ev
                0x0800f8cc       0x14 c:/program files (x86)/gnu tools arm embedded/4.6 2012q4/bin/../lib/gcc/arm-none-eabi/4.6.2/../../../../arm-none-eabi/lib/armv7e-m/softfp\libstdc++.a(fundamental_type_info.o)
                0x0800f8cc                __cxxabiv1::__fundamental_type_info::~__fundamental_type_info()
                0x0800f8cc                __cxxabiv1::__fundamental_type_info::~__fundamental_type_info()
 .text._ZN10__cxxabiv123__fundamental_type_infoD0Ev
                0x0800f8e0       0x1c c:/program files (x86)/gnu tools arm embedded/4.6 2012q4/bin/../lib/gcc/arm-none-eabi/4.6.2/../../../../arm-none-eabi/lib/armv7e-m/softfp\libstdc++.a(fundamental_type_info.o)
                0x0800f8e0                __cxxabiv1::__fundamental_type_info::~__fundamental_type_info()
 .text.__cxa_call_terminate
                0x0800f8fc       0x50 c:/program files (x86)/gnu tools arm embedded/4.6 2012q4/bin/../lib/gcc/arm-none-eabi/4.6.2/../../../../arm-none-eabi/lib/armv7e-m/softfp\libstdc++.a(eh_call.o)
                0x0800f8fc                __cxa_call_terminate
 .text.__cxa_call_unexpected
                0x0800f94c      0x120 c:/program files (x86)/gnu tools arm embedded/4.6 2012q4/bin/../lib/gcc/arm-none-eabi/4.6.2/../../../../arm-none-eabi/lib/armv7e-m/softfp\libstdc++.a(eh_call.o)
                0x0800f94c                __cxa_call_unexpected
 .text.__cxa_begin_catch
                0x0800fa6c       0x98 c:/program files (x86)/gnu tools arm embedded/4.6 2012q4/bin/../lib/gcc/arm-none-eabi/4.6.2/../../../../arm-none-eabi/lib/armv7e-m/softfp\libstdc++.a(eh_catch.o)
                0x0800fa6c                __cxa_begin_catch
 .text.__cxa_end_catch
                0x0800fb04       0x98 c:/program files (x86)/gnu tools arm embedded/4.6 2012q4/bin/../lib/gcc/arm-none-eabi/4.6.2/../../../../arm-none-eabi/lib/armv7e-m/softfp\libstdc++.a(eh_catch.o)
                0x0800fb04                __cxa_end_catch
 .text._ZN9__gnu_cxx27__verbose_terminate_handlerEv
                0x0800fb9c      0x118 c:/program files (x86)/gnu tools arm embedded/4.6 2012q4/bin/../lib/gcc/arm-none-eabi/4.6.2/../../../../arm-none-eabi/lib/armv7e-m/softfp\libstdc++.a(vterminate.o)
                0x0800fb9c                __gnu_cxx::__verbose_terminate_handler()
 .text.__cxa_current_exception_type
                0x0800fcb4       0x1c c:/program files (x86)/gnu tools arm embedded/4.6 2012q4/bin/../lib/gcc/arm-none-eabi/4.6.2/../../../../arm-none-eabi/lib/armv7e-m/softfp\libstdc++.a(eh_type.o)
                0x0800fcb4                __cxa_current_exception_type
 .text._ZNK10__cxxabiv119__pointer_type_info14__is_pointer_pEv
                0x0800fcd0        0x4 c:/program files (x86)/gnu tools arm embedded/4.6 2012q4/bin/../lib/gcc/arm-none-eabi/4.6.2/../../../../arm-none-eabi/lib/armv7e-m/softfp\libstdc++.a(pointer_type_info.o)
                0x0800fcd0                __cxxabiv1::__pointer_type_info::__is_pointer_p() const
 .text._ZN10__cxxabiv119__pointer_type_infoD2Ev
                0x0800fcd4       0x14 c:/program files (x86)/gnu tools arm embedded/4.6 2012q4/bin/../lib/gcc/arm-none-eabi/4.6.2/../../../../arm-none-eabi/lib/armv7e-m/softfp\libstdc++.a(pointer_type_info.o)
                0x0800fcd4                __cxxabiv1::__pointer_type_info::~__pointer_type_info()
                0x0800fcd4                __cxxabiv1::__pointer_type_info::~__pointer_type_info()
 .text._ZN10__cxxabiv119__pointer_type_infoD0Ev
                0x0800fce8       0x1c c:/program files (x86)/gnu tools arm embedded/4.6 2012q4/bin/../lib/gcc/arm-none-eabi/4.6.2/../../../../arm-none-eabi/lib/armv7e-m/softfp\libstdc++.a(pointer_type_info.o)
                0x0800fce8                __cxxabiv1::__pointer_type_info::~__pointer_type_info()
 .text._ZNK10__cxxabiv119__pointer_type_info15__pointer_catchEPKNS_17__pbase_type_infoEPPvj
                0x0800fd04       0x44 c:/program files (x86)/gnu tools arm embedded/4.6 2012q4/bin/../lib/gcc/arm-none-eabi/4.6.2/../../../../arm-none-eabi/lib/armv7e-m/softfp\libstdc++.a(pointer_type_info.o)
                0x0800fd04                __cxxabiv1::__pointer_type_info::__pointer_catch(__cxxabiv1::__pbase_type_info const*, void**, unsigned int) const
 .text._ZNK10__cxxabiv117__pbase_type_info15__pointer_catchEPKS0_PPvj
                0x0800fd48       0x10 c:/program files (x86)/gnu tools arm embedded/4.6 2012q4/bin/../lib/gcc/arm-none-eabi/4.6.2/../../../../arm-none-eabi/lib/armv7e-m/softfp\libstdc++.a(pbase_type_info.o)
                0x0800fd48                __cxxabiv1::__pbase_type_info::__pointer_catch(__cxxabiv1::__pbase_type_info const*, void**, unsigned int) const
 .text._ZN10__cxxabiv117__pbase_type_infoD2Ev
                0x0800fd58       0x14 c:/program files (x86)/gnu tools arm embedded/4.6 2012q4/bin/../lib/gcc/arm-none-eabi/4.6.2/../../../../arm-none-eabi/lib/armv7e-m/softfp\libstdc++.a(pbase_type_info.o)
                0x0800fd58                __cxxabiv1::__pbase_type_info::~__pbase_type_info()
                0x0800fd58                __cxxabiv1::__pbase_type_info::~__pbase_type_info()
 .text._ZN10__cxxabiv117__pbase_type_infoD0Ev
                0x0800fd6c       0x1c c:/program files (x86)/gnu tools arm embedded/4.6 2012q4/bin/../lib/gcc/arm-none-eabi/4.6.2/../../../../arm-none-eabi/lib/armv7e-m/softfp\libstdc++.a(pbase_type_info.o)
                0x0800fd6c                __cxxabiv1::__pbase_type_info::~__pbase_type_info()
 .text._ZNK10__cxxabiv117__pbase_type_info10__do_catchEPKSt9type_infoPPvj
                0x0800fd88       0x68 c:/program files (x86)/gnu tools arm embedded/4.6 2012q4/bin/../lib/gcc/arm-none-eabi/4.6.2/../../../../arm-none-eabi/lib/armv7e-m/softfp\libstdc++.a(pbase_type_info.o)
                0x0800fd88                __cxxabiv1::__pbase_type_info::__do_catch(std::type_info const*, void**, unsigned int) const
 .text.abort    0x0800fdf0       0x10 c:/program files (x86)/gnu tools arm embedded/4.6 2012q4/bin/../lib/gcc/arm-none-eabi/4.6.2/../../../../arm-none-eabi/lib/armv7e-m/softfp\libc.a(lib_a-abort.o)
                0x0800fdf0                abort
 .text.atexit   0x0800fe00        0xc c:/program files (x86)/gnu tools arm embedded/4.6 2012q4/bin/../lib/gcc/arm-none-eabi/4.6.2/../../../../arm-none-eabi/lib/armv7e-m/softfp\libc.a(lib_a-atexit.o)
                0x0800fe00                atexit
 .text.__libc_fini_array
                0x0800fe0c       0x2c c:/program files (x86)/gnu tools arm embedded/4.6 2012q4/bin/../lib/gcc/arm-none-eabi/4.6.2/../../../../arm-none-eabi/lib/armv7e-m/softfp\libc.a(lib_a-fini.o)
                0x0800fe0c                __libc_fini_array
 .text.fputc    0x0800fe38       0x2c c:/program files (x86)/gnu tools arm embedded/4.6 2012q4/bin/../lib/gcc/arm-none-eabi/4.6.2/../../../../arm-none-eabi/lib/armv7e-m/softfp\libc.a(lib_a-fputc.o)
                0x0800fe38                fputc
 .text._fputs_r
                0x0800fe64       0x4c c:/program files (x86)/gnu tools arm embedded/4.6 2012q4/bin/../lib/gcc/arm-none-eabi/4.6.2/../../../../arm-none-eabi/lib/armv7e-m/softfp\libc.a(lib_a-fputs.o)
                0x0800fe64                _fputs_r
 .text.fputs    0x0800feb0       0x14 c:/program files (x86)/gnu tools arm embedded/4.6 2012q4/bin/../lib/gcc/arm-none-eabi/4.6.2/../../../../arm-none-eabi/lib/armv7e-m/softfp\libc.a(lib_a-fputs.o)
                0x0800feb0                fputs
 .text.__sfvwrite_r
                0x0800fec4      0x2f8 c:/program files (x86)/gnu tools arm embedded/4.6 2012q4/bin/../lib/gcc/arm-none-eabi/4.6.2/../../../../arm-none-eabi/lib/armv7e-m/softfp\libc.a(lib_a-fvwrite.o)
                0x0800fec4                __sfvwrite_r
 .text._fwrite_r
                0x080101bc       0x5c c:/program files (x86)/gnu tools arm embedded/4.6 2012q4/bin/../lib/gcc/arm-none-eabi/4.6.2/../../../../arm-none-eabi/lib/armv7e-m/softfp\libc.a(lib_a-fwrite.o)
                0x080101bc                _fwrite_r
 .text.fwrite   0x08010218       0x28 c:/program files (x86)/gnu tools arm embedded/4.6 2012q4/bin/../lib/gcc/arm-none-eabi/4.6.2/../../../../arm-none-eabi/lib/armv7e-m/softfp\libc.a(lib_a-fwrite.o)
                0x08010218                fwrite
 .text.__libc_init_array
                0x08010240       0x48 c:/program files (x86)/gnu tools arm embedded/4.6 2012q4/bin/../lib/gcc/arm-none-eabi/4.6.2/../../../../arm-none-eabi/lib/armv7e-m/softfp\libc.a(lib_a-init.o)
                0x08010240                __libc_init_array
 .text.malloc   0x08010288       0x10 c:/program files (x86)/gnu tools arm embedded/4.6 2012q4/bin/../lib/gcc/arm-none-eabi/4.6.2/../../../../arm-none-eabi/lib/armv7e-m/softfp\libc.a(lib_a-malloc.o)
                0x08010288                malloc
 .text.free     0x08010298       0x10 c:/program files (x86)/gnu tools arm embedded/4.6 2012q4/bin/../lib/gcc/arm-none-eabi/4.6.2/../../../../arm-none-eabi/lib/armv7e-m/softfp\libc.a(lib_a-malloc.o)
                0x08010298                free
 .text._malloc_r
                0x080102a8      0x540 c:/program files (x86)/gnu tools arm embedded/4.6 2012q4/bin/../lib/gcc/arm-none-eabi/4.6.2/../../../../arm-none-eabi/lib/armv7e-m/softfp\libc.a(lib_a-mallocr.o)
                0x080102a8                _malloc_r
 .text.memchr   0x080107e8       0x84 c:/program files (x86)/gnu tools arm embedded/4.6 2012q4/bin/../lib/gcc/arm-none-eabi/4.6.2/../../../../arm-none-eabi/lib/armv7e-m/softfp\libc.a(lib_a-memchr.o)
                0x080107e8                memchr
 .text.memcmp   0x0801086c       0x60 c:/program files (x86)/gnu tools arm embedded/4.6 2012q4/bin/../lib/gcc/arm-none-eabi/4.6.2/../../../../arm-none-eabi/lib/armv7e-m/softfp\libc.a(lib_a-memcmp.o)
                0x0801086c                memcmp
 .text.memcpy   0x080108cc       0x84 c:/program files (x86)/gnu tools arm embedded/4.6 2012q4/bin/../lib/gcc/arm-none-eabi/4.6.2/../../../../arm-none-eabi/lib/armv7e-m/softfp\libc.a(lib_a-memcpy.o)
                0x080108cc                memcpy
 .text.memmove  0x08010950       0xb0 c:/program files (x86)/gnu tools arm embedded/4.6 2012q4/bin/../lib/gcc/arm-none-eabi/4.6.2/../../../../arm-none-eabi/lib/armv7e-m/softfp\libc.a(lib_a-memmove.o)
                0x08010950                memmove
 .text.memset   0x08010a00       0x90 c:/program files (x86)/gnu tools arm embedded/4.6 2012q4/bin/../lib/gcc/arm-none-eabi/4.6.2/../../../../arm-none-eabi/lib/armv7e-m/softfp\libc.a(lib_a-memset.o)
                0x08010a00                memset
 .text.__malloc_lock
                0x08010a90        0x4 c:/program files (x86)/gnu tools arm embedded/4.6 2012q4/bin/../lib/gcc/arm-none-eabi/4.6.2/../../../../arm-none-eabi/lib/armv7e-m/softfp\libc.a(lib_a-mlock.o)
                0x08010a90                __malloc_lock
 .text.__malloc_unlock
                0x08010a94        0x4 c:/program files (x86)/gnu tools arm embedded/4.6 2012q4/bin/../lib/gcc/arm-none-eabi/4.6.2/../../../../arm-none-eabi/lib/armv7e-m/softfp\libc.a(lib_a-mlock.o)
                0x08010a94                __malloc_unlock
 .text._putc_r  0x08010a98       0x60 c:/program files (x86)/gnu tools arm embedded/4.6 2012q4/bin/../lib/gcc/arm-none-eabi/4.6.2/../../../../arm-none-eabi/lib/armv7e-m/softfp\libc.a(lib_a-putc.o)
                0x08010a98                _putc_r
 .text.realloc  0x08010af8       0x14 c:/program files (x86)/gnu tools arm embedded/4.6 2012q4/bin/../lib/gcc/arm-none-eabi/4.6.2/../../../../arm-none-eabi/lib/armv7e-m/softfp\libc.a(lib_a-realloc.o)
                0x08010af8                realloc
 .text._realloc_r
                0x08010b0c      0x3e0 c:/program files (x86)/gnu tools arm embedded/4.6 2012q4/bin/../lib/gcc/arm-none-eabi/4.6.2/../../../../arm-none-eabi/lib/armv7e-m/softfp\libc.a(lib_a-reallocr.o)
                0x08010b0c                _realloc_r
 .text._sbrk_r  0x08010eec       0x24 c:/program files (x86)/gnu tools arm embedded/4.6 2012q4/bin/../lib/gcc/arm-none-eabi/4.6.2/../../../../arm-none-eabi/lib/armv7e-m/softfp\libc.a(lib_a-sbrkr.o)
                0x08010eec                _sbrk_r
 .text._raise_r
                0x08010f10       0x58 c:/program files (x86)/gnu tools arm embedded/4.6 2012q4/bin/../lib/gcc/arm-none-eabi/4.6.2/../../../../arm-none-eabi/lib/armv7e-m/softfp\libc.a(lib_a-signal.o)
                0x08010f10                _raise_r
 .text.raise    0x08010f68       0x10 c:/program files (x86)/gnu tools arm embedded/4.6 2012q4/bin/../lib/gcc/arm-none-eabi/4.6.2/../../../../arm-none-eabi/lib/armv7e-m/softfp\libc.a(lib_a-signal.o)
                0x08010f68                raise
 .text._kill_r  0x08010f78       0x28 c:/program files (x86)/gnu tools arm embedded/4.6 2012q4/bin/../lib/gcc/arm-none-eabi/4.6.2/../../../../arm-none-eabi/lib/armv7e-m/softfp\libc.a(lib_a-signalr.o)
                0x08010f78                _kill_r
 .text._getpid_r
                0x08010fa0        0x4 c:/program files (x86)/gnu tools arm embedded/4.6 2012q4/bin/../lib/gcc/arm-none-eabi/4.6.2/../../../../arm-none-eabi/lib/armv7e-m/softfp\libc.a(lib_a-signalr.o)
                0x08010fa0                _getpid_r
 .text.sprintf  0x08010fa4       0x50 c:/program files (x86)/gnu tools arm embedded/4.6 2012q4/bin/../lib/gcc/arm-none-eabi/4.6.2/../../../../arm-none-eabi/lib/armv7e-m/softfp\libc.a(lib_a-sprintf.o)
                0x08010fa4                sprintf
 .text.strcmp   0x08010ff4       0x80 c:/program files (x86)/gnu tools arm embedded/4.6 2012q4/bin/../lib/gcc/arm-none-eabi/4.6.2/../../../../arm-none-eabi/lib/armv7e-m/softfp\libc.a(lib_a-strcmp.o)
                0x08010ff4                strcmp
 .text.strcmp_unaligned
                0x08011074      0x15c c:/program files (x86)/gnu tools arm embedded/4.6 2012q4/bin/../lib/gcc/arm-none-eabi/4.6.2/../../../../arm-none-eabi/lib/armv7e-m/softfp\libc.a(lib_a-strcmp.o)
 .text.strcpy   0x080111d0       0xbc c:/program files (x86)/gnu tools arm embedded/4.6 2012q4/bin/../lib/gcc/arm-none-eabi/4.6.2/../../../../arm-none-eabi/lib/armv7e-m/softfp\libc.a(lib_a-strcpy.o)
                0x080111d0                strcpy
 .text.strlen   0x0801128c       0x60 c:/program files (x86)/gnu tools arm embedded/4.6 2012q4/bin/../lib/gcc/arm-none-eabi/4.6.2/../../../../arm-none-eabi/lib/armv7e-m/softfp\libc.a(lib_a-strlen.o)
                0x0801128c                strlen
 .text.strncmp  0x080112ec       0xa4 c:/program files (x86)/gnu tools arm embedded/4.6 2012q4/bin/../lib/gcc/arm-none-eabi/4.6.2/../../../../arm-none-eabi/lib/armv7e-m/softfp\libc.a(lib_a-strncmp.o)
                0x080112ec                strncmp
 .text._svfprintf_r
                0x08011390     0x141c c:/program files (x86)/gnu tools arm embedded/4.6 2012q4/bin/../lib/gcc/arm-none-eabi/4.6.2/../../../../arm-none-eabi/lib/armv7e-m/softfp\libc.a(lib_a-svfprintf.o)
                0x08011390                _svfprintf_r
 .text.write    0x080127ac       0x1c c:/program files (x86)/gnu tools arm embedded/4.6 2012q4/bin/../lib/gcc/arm-none-eabi/4.6.2/../../../../arm-none-eabi/lib/armv7e-m/softfp\libc.a(lib_a-syswrite.o)
                0x080127ac                write
 .text.__swbuf_r
                0x080127c8       0xc0 c:/program files (x86)/gnu tools arm embedded/4.6 2012q4/bin/../lib/gcc/arm-none-eabi/4.6.2/../../../../arm-none-eabi/lib/armv7e-m/softfp\libc.a(lib_a-wbuf.o)
                0x080127c8                __swbuf_r
 .text._write_r
                0x08012888       0x28 c:/program files (x86)/gnu tools arm embedded/4.6 2012q4/bin/../lib/gcc/arm-none-eabi/4.6.2/../../../../arm-none-eabi/lib/armv7e-m/softfp\libc.a(lib_a-writer.o)
                0x08012888                _write_r
 .text.__swsetup_r
                0x080128b0       0xbc c:/program files (x86)/gnu tools arm embedded/4.6 2012q4/bin/../lib/gcc/arm-none-eabi/4.6.2/../../../../arm-none-eabi/lib/armv7e-m/softfp\libc.a(lib_a-wsetup.o)
                0x080128b0                __swsetup_r
 .text.__register_exitproc
                0x0801296c       0xac c:/program files (x86)/gnu tools arm embedded/4.6 2012q4/bin/../lib/gcc/arm-none-eabi/4.6.2/../../../../arm-none-eabi/lib/armv7e-m/softfp\libc.a(lib_a-__atexit.o)
                0x0801296c                __register_exitproc
 .text.startup.register_fini
                0x08012a18       0x14 c:/program files (x86)/gnu tools arm embedded/4.6 2012q4/bin/../lib/gcc/arm-none-eabi/4.6.2/../../../../arm-none-eabi/lib/armv7e-m/softfp\libc.a(lib_a-__call_atexit.o)
 .text.quorem   0x08012a2c      0x14c c:/program files (x86)/gnu tools arm embedded/4.6 2012q4/bin/../lib/gcc/arm-none-eabi/4.6.2/../../../../arm-none-eabi/lib/armv7e-m/softfp\libc.a(lib_a-dtoa.o)
 .text._dtoa_r  0x08012b78      0xe68 c:/program files (x86)/gnu tools arm embedded/4.6 2012q4/bin/../lib/gcc/arm-none-eabi/4.6.2/../../../../arm-none-eabi/lib/armv7e-m/softfp\libc.a(lib_a-dtoa.o)
                0x08012b78                _dtoa_r
 .text._fflush_r
                0x080139e0      0x16c c:/program files (x86)/gnu tools arm embedded/4.6 2012q4/bin/../lib/gcc/arm-none-eabi/4.6.2/../../../../arm-none-eabi/lib/armv7e-m/softfp\libc.a(lib_a-fflush.o)
                0x080139e0                _fflush_r
 .text._cleanup_r
                0x08013b4c        0xc c:/program files (x86)/gnu tools arm embedded/4.6 2012q4/bin/../lib/gcc/arm-none-eabi/4.6.2/../../../../arm-none-eabi/lib/armv7e-m/softfp\libc.a(lib_a-findfp.o)
                0x08013b4c                _cleanup_r
 .text.std.isra.0
                0x08013b58       0x50 c:/program files (x86)/gnu tools arm embedded/4.6 2012q4/bin/../lib/gcc/arm-none-eabi/4.6.2/../../../../arm-none-eabi/lib/armv7e-m/softfp\libc.a(lib_a-findfp.o)
 .text.__sinit  0x08013ba8       0x48 c:/program files (x86)/gnu tools arm embedded/4.6 2012q4/bin/../lib/gcc/arm-none-eabi/4.6.2/../../../../arm-none-eabi/lib/armv7e-m/softfp\libc.a(lib_a-findfp.o)
                0x08013ba8                __sinit
 .text.__sfp_lock_acquire
                0x08013bf0        0x4 c:/program files (x86)/gnu tools arm embedded/4.6 2012q4/bin/../lib/gcc/arm-none-eabi/4.6.2/../../../../arm-none-eabi/lib/armv7e-m/softfp\libc.a(lib_a-findfp.o)
                0x08013bf0                __sfp_lock_acquire
 .text.__sfp_lock_release
                0x08013bf4        0x4 c:/program files (x86)/gnu tools arm embedded/4.6 2012q4/bin/../lib/gcc/arm-none-eabi/4.6.2/../../../../arm-none-eabi/lib/armv7e-m/softfp\libc.a(lib_a-findfp.o)
                0x08013bf4                __sfp_lock_release
 .text._malloc_trim_r
                0x08013bf8       0xa0 c:/program files (x86)/gnu tools arm embedded/4.6 2012q4/bin/../lib/gcc/arm-none-eabi/4.6.2/../../../../arm-none-eabi/lib/armv7e-m/softfp\libc.a(lib_a-freer.o)
                0x08013bf8                _malloc_trim_r
 .text._free_r  0x08013c98      0x190 c:/program files (x86)/gnu tools arm embedded/4.6 2012q4/bin/../lib/gcc/arm-none-eabi/4.6.2/../../../../arm-none-eabi/lib/armv7e-m/softfp\libc.a(lib_a-freer.o)
                0x08013c98                _free_r
 .text._fwalk   0x08013e28       0x54 c:/program files (x86)/gnu tools arm embedded/4.6 2012q4/bin/../lib/gcc/arm-none-eabi/4.6.2/../../../../arm-none-eabi/lib/armv7e-m/softfp\libc.a(lib_a-fwalk.o)
                0x08013e28                _fwalk
 .text._localeconv_r
                0x08013e7c        0xc c:/program files (x86)/gnu tools arm embedded/4.6 2012q4/bin/../lib/gcc/arm-none-eabi/4.6.2/../../../../arm-none-eabi/lib/armv7e-m/softfp\libc.a(lib_a-locale.o)
                0x08013e7c                _localeconv_r
 .text.__smakebuf_r
                0x08013e88       0xe0 c:/program files (x86)/gnu tools arm embedded/4.6 2012q4/bin/../lib/gcc/arm-none-eabi/4.6.2/../../../../arm-none-eabi/lib/armv7e-m/softfp\libc.a(lib_a-makebuf.o)
                0x08013e88                __smakebuf_r
 .text._Balloc  0x08013f68       0x4c c:/program files (x86)/gnu tools arm embedded/4.6 2012q4/bin/../lib/gcc/arm-none-eabi/4.6.2/../../../../arm-none-eabi/lib/armv7e-m/softfp\libc.a(lib_a-mprec.o)
                0x08013f68                _Balloc
 .text._Bfree   0x08013fb4       0x14 c:/program files (x86)/gnu tools arm embedded/4.6 2012q4/bin/../lib/gcc/arm-none-eabi/4.6.2/../../../../arm-none-eabi/lib/armv7e-m/softfp\libc.a(lib_a-mprec.o)
                0x08013fb4                _Bfree
 .text.__multadd
                0x08013fc8       0x84 c:/program files (x86)/gnu tools arm embedded/4.6 2012q4/bin/../lib/gcc/arm-none-eabi/4.6.2/../../../../arm-none-eabi/lib/armv7e-m/softfp\libc.a(lib_a-mprec.o)
                0x08013fc8                __multadd
 .text.__hi0bits
                0x0801404c       0x3c c:/program files (x86)/gnu tools arm embedded/4.6 2012q4/bin/../lib/gcc/arm-none-eabi/4.6.2/../../../../arm-none-eabi/lib/armv7e-m/softfp\libc.a(lib_a-mprec.o)
                0x0801404c                __hi0bits
 .text.__lo0bits
                0x08014088       0x5c c:/program files (x86)/gnu tools arm embedded/4.6 2012q4/bin/../lib/gcc/arm-none-eabi/4.6.2/../../../../arm-none-eabi/lib/armv7e-m/softfp\libc.a(lib_a-mprec.o)
                0x08014088                __lo0bits
 .text.__i2b    0x080140e4       0x14 c:/program files (x86)/gnu tools arm embedded/4.6 2012q4/bin/../lib/gcc/arm-none-eabi/4.6.2/../../../../arm-none-eabi/lib/armv7e-m/softfp\libc.a(lib_a-mprec.o)
                0x080140e4                __i2b
 .text.__multiply
                0x080140f8      0x144 c:/program files (x86)/gnu tools arm embedded/4.6 2012q4/bin/../lib/gcc/arm-none-eabi/4.6.2/../../../../arm-none-eabi/lib/armv7e-m/softfp\libc.a(lib_a-mprec.o)
                0x080140f8                __multiply
 .text.__pow5mult
                0x0801423c       0x98 c:/program files (x86)/gnu tools arm embedded/4.6 2012q4/bin/../lib/gcc/arm-none-eabi/4.6.2/../../../../arm-none-eabi/lib/armv7e-m/softfp\libc.a(lib_a-mprec.o)
                0x0801423c                __pow5mult
 .text.__lshift
                0x080142d4       0xc0 c:/program files (x86)/gnu tools arm embedded/4.6 2012q4/bin/../lib/gcc/arm-none-eabi/4.6.2/../../../../arm-none-eabi/lib/armv7e-m/softfp\libc.a(lib_a-mprec.o)
                0x080142d4                __lshift
 .text.__mcmp   0x08014394       0x3c c:/program files (x86)/gnu tools arm embedded/4.6 2012q4/bin/../lib/gcc/arm-none-eabi/4.6.2/../../../../arm-none-eabi/lib/armv7e-m/softfp\libc.a(lib_a-mprec.o)
                0x08014394                __mcmp
 .text.__mdiff  0x080143d0       0xd8 c:/program files (x86)/gnu tools arm embedded/4.6 2012q4/bin/../lib/gcc/arm-none-eabi/4.6.2/../../../../arm-none-eabi/lib/armv7e-m/softfp\libc.a(lib_a-mprec.o)
                0x080143d0                __mdiff
 .text.__d2b    0x080144a8       0xc8 c:/program files (x86)/gnu tools arm embedded/4.6 2012q4/bin/../lib/gcc/arm-none-eabi/4.6.2/../../../../arm-none-eabi/lib/armv7e-m/softfp\libc.a(lib_a-mprec.o)
                0x080144a8                __d2b
 .text.__fpclassifyd
                0x08014570       0x68 c:/program files (x86)/gnu tools arm embedded/4.6 2012q4/bin/../lib/gcc/arm-none-eabi/4.6.2/../../../../arm-none-eabi/lib/armv7e-m/softfp\libc.a(lib_a-s_fpclassify.o)
                0x08014570                __fpclassifyd
 .text.__sread  0x080145d8       0x24 c:/program files (x86)/gnu tools arm embedded/4.6 2012q4/bin/../lib/gcc/arm-none-eabi/4.6.2/../../../../arm-none-eabi/lib/armv7e-m/softfp\libc.a(lib_a-stdio.o)
                0x080145d8                __sread
 .text.__swrite
                0x080145fc       0x3c c:/program files (x86)/gnu tools arm embedded/4.6 2012q4/bin/../lib/gcc/arm-none-eabi/4.6.2/../../../../arm-none-eabi/lib/armv7e-m/softfp\libc.a(lib_a-stdio.o)
                0x080145fc                __swrite
 .text.__sseek  0x08014638       0x24 c:/program files (x86)/gnu tools arm embedded/4.6 2012q4/bin/../lib/gcc/arm-none-eabi/4.6.2/../../../../arm-none-eabi/lib/armv7e-m/softfp\libc.a(lib_a-stdio.o)
                0x08014638                __sseek
 .text.__sclose
                0x0801465c        0x8 c:/program files (x86)/gnu tools arm embedded/4.6 2012q4/bin/../lib/gcc/arm-none-eabi/4.6.2/../../../../arm-none-eabi/lib/armv7e-m/softfp\libc.a(lib_a-stdio.o)
                0x0801465c                __sclose
 .text.__ssprint_r
                0x08014664       0xfc c:/program files (x86)/gnu tools arm embedded/4.6 2012q4/bin/../lib/gcc/arm-none-eabi/4.6.2/../../../../arm-none-eabi/lib/armv7e-m/softfp\libc.a(lib_a-svfiprintf.o)
                0x08014664                __ssprint_r
 .text._calloc_r
                0x08014760       0x60 c:/program files (x86)/gnu tools arm embedded/4.6 2012q4/bin/../lib/gcc/arm-none-eabi/4.6.2/../../../../arm-none-eabi/lib/armv7e-m/softfp\libc.a(lib_a-callocr.o)
                0x08014760                _calloc_r
 .text._close_r
                0x080147c0       0x24 c:/program files (x86)/gnu tools arm embedded/4.6 2012q4/bin/../lib/gcc/arm-none-eabi/4.6.2/../../../../arm-none-eabi/lib/armv7e-m/softfp\libc.a(lib_a-closer.o)
                0x080147c0                _close_r
 .text._fclose_r
                0x080147e4       0x90 c:/program files (x86)/gnu tools arm embedded/4.6 2012q4/bin/../lib/gcc/arm-none-eabi/4.6.2/../../../../arm-none-eabi/lib/armv7e-m/softfp\libc.a(lib_a-fclose.o)
                0x080147e4                _fclose_r
 .text.fclose   0x08014874       0x10 c:/program files (x86)/gnu tools arm embedded/4.6 2012q4/bin/../lib/gcc/arm-none-eabi/4.6.2/../../../../arm-none-eabi/lib/armv7e-m/softfp\libc.a(lib_a-fclose.o)
                0x08014874                fclose
 .text._fstat_r
                0x08014884       0x28 c:/program files (x86)/gnu tools arm embedded/4.6 2012q4/bin/../lib/gcc/arm-none-eabi/4.6.2/../../../../arm-none-eabi/lib/armv7e-m/softfp\libc.a(lib_a-fstatr.o)
                0x08014884                _fstat_r
 .text._isatty_r
                0x080148ac       0x24 c:/program files (x86)/gnu tools arm embedded/4.6 2012q4/bin/../lib/gcc/arm-none-eabi/4.6.2/../../../../arm-none-eabi/lib/armv7e-m/softfp\libc.a(lib_a-isattyr.o)
                0x080148ac                _isatty_r
 .text._lseek_r
                0x080148d0       0x28 c:/program files (x86)/gnu tools arm embedded/4.6 2012q4/bin/../lib/gcc/arm-none-eabi/4.6.2/../../../../arm-none-eabi/lib/armv7e-m/softfp\libc.a(lib_a-lseekr.o)
                0x080148d0                _lseek_r
 .text._read_r  0x080148f8       0x28 c:/program files (x86)/gnu tools arm embedded/4.6 2012q4/bin/../lib/gcc/arm-none-eabi/4.6.2/../../../../arm-none-eabi/lib/armv7e-m/softfp\libc.a(lib_a-readr.o)
                0x080148f8                _read_r
 *(.glue_7)
 .glue_7        0x00000000        0x0 linker stubs
 *(.glue_7t)
 .glue_7t       0x00000000        0x0 linker stubs
 *(.eh_frame)
 .eh_frame      0x08014920        0x0 c:/program files (x86)/gnu tools arm embedded/4.6 2012q4/bin/../lib/gcc/arm-none-eabi/4.6.2/armv7e-m/softfp/crtbegin.o
 *(.init)
 .init          0x08014920        0x4 c:/program files (x86)/gnu tools arm embedded/4.6 2012q4/bin/../lib/gcc/arm-none-eabi/4.6.2/armv7e-m/softfp/crti.o
                0x08014920                _init
 .init          0x08014924        0x8 c:/program files (x86)/gnu tools arm embedded/4.6 2012q4/bin/../lib/gcc/arm-none-eabi/4.6.2/armv7e-m/softfp/crtn.o
 *(.fini)
 .fini          0x0801492c        0x4 c:/program files (x86)/gnu tools arm embedded/4.6 2012q4/bin/../lib/gcc/arm-none-eabi/4.6.2/armv7e-m/softfp/crti.o
                0x0801492c                _fini
 .fini          0x08014930        0x8 c:/program files (x86)/gnu tools arm embedded/4.6 2012q4/bin/../lib/gcc/arm-none-eabi/4.6.2/armv7e-m/softfp/crtn.o
                0x08014938                . = ALIGN (0x4)
                0x08014938                _etext = .

.vfp11_veneer   0x08014938        0x0
 .vfp11_veneer  0x00000000        0x0 linker stubs

.v4_bx          0x08014938        0x0
 .v4_bx         0x00000000        0x0 linker stubs

.rodata         0x08014938     0x128c
                0x08014938                . = ALIGN (0x4)
 *(.rodata)
 .rodata        0x08014938      0x6a8 c:/program files (x86)/gnu tools arm embedded/4.6 2012q4/bin/../lib/gcc/arm-none-eabi/4.6.2/../../../../arm-none-eabi/lib/armv7e-m/softfp\libstdc++.a(cp-demangle.o)
 *(.rodata*)
 .rodata._ZTV9RF24_Impl
                0x08014fe0       0x30 RF24_Impl.o
                0x08014fe0                vtable for RF24_Impl
 .rodata._ZTI9RF24_Impl
                0x08015010        0xc RF24_Impl.o
                0x08015010                typeinfo for RF24_Impl
 .rodata._ZTS9RF24_Impl
                0x0801501c        0xc RF24_Impl.o
                0x0801501c                typeinfo name for RF24_Impl
 .rodata._ZTV4RF24
                0x08015028       0x28 RF24\RF24.o
                0x08015028                vtable for RF24
 .rodata._ZTI4RF24
                0x08015050        0x8 RF24\RF24.o
                0x08015050                typeinfo for RF24
 .rodata._ZTS4RF24
                0x08015058        0x8 RF24\RF24.o
                0x08015058                typeinfo name for RF24
 .rodata.APBAHBPrescTable
                0x08015060       0x10 Drivers\STM32F4xx_HAL_Driver\Src\stm32f4xx_hal_rcc.o
                0x08015060                APBAHBPrescTable
 .rodata.GPIO_PIN
                0x08015070        0x4 Drivers\BSP\STM32F429I-Discovery\stm32f429i_discovery.o
                0x08015070                GPIO_PIN
 .rodata.BUTTON_PIN
                0x08015074        0x4 Drivers\BSP\STM32F429I-Discovery\stm32f429i_discovery.o
                0x08015074                BUTTON_PIN
 .rodata.BUTTON_IRQn
                0x08015078        0x4 Drivers\BSP\STM32F429I-Discovery\stm32f429i_discovery.o
                0x08015078                BUTTON_IRQn
 *fill*         0x0801507c        0x4 00
 .rodata._ZTVN10__cxxabiv120__si_class_type_infoE
                0x08015080       0x30 c:/program files (x86)/gnu tools arm embedded/4.6 2012q4/bin/../lib/gcc/arm-none-eabi/4.6.2/../../../../arm-none-eabi/lib/armv7e-m/softfp\libstdc++.a(si_class_type_info.o)
                0x08015080                vtable for __cxxabiv1::__si_class_type_info
 .rodata._ZTIN10__cxxabiv120__si_class_type_infoE
                0x080150b0        0xc c:/program files (x86)/gnu tools arm embedded/4.6 2012q4/bin/../lib/gcc/arm-none-eabi/4.6.2/../../../../arm-none-eabi/lib/armv7e-m/softfp\libstdc++.a(si_class_type_info.o)
                0x080150b0                typeinfo for __cxxabiv1::__si_class_type_info
 .rodata._ZTSN10__cxxabiv120__si_class_type_infoE
                0x080150bc       0x28 c:/program files (x86)/gnu tools arm embedded/4.6 2012q4/bin/../lib/gcc/arm-none-eabi/4.6.2/../../../../arm-none-eabi/lib/armv7e-m/softfp\libstdc++.a(si_class_type_info.o)
                0x080150bc                typeinfo name for __cxxabiv1::__si_class_type_info
 .rodata.str1.4
                0x080150e4       0x1c c:/program files (x86)/gnu tools arm embedded/4.6 2012q4/bin/../lib/gcc/arm-none-eabi/4.6.2/../../../../arm-none-eabi/lib/armv7e-m/softfp\libstdc++.a(pure.o)
 .rodata._ZTVSt9exception
                0x08015100       0x18 c:/program files (x86)/gnu tools arm embedded/4.6 2012q4/bin/../lib/gcc/arm-none-eabi/4.6.2/../../../../arm-none-eabi/lib/armv7e-m/softfp\libstdc++.a(eh_exception.o)
                0x08015100                vtable for std::exception
 .rodata._ZTIN10__cxxabiv115__forced_unwindE
                0x08015118        0x8 c:/program files (x86)/gnu tools arm embedded/4.6 2012q4/bin/../lib/gcc/arm-none-eabi/4.6.2/../../../../arm-none-eabi/lib/armv7e-m/softfp\libstdc++.a(eh_exception.o)
                0x08015118                typeinfo for __cxxabiv1::__forced_unwind
 .rodata._ZTISt9exception
                0x08015120        0x8 c:/program files (x86)/gnu tools arm embedded/4.6 2012q4/bin/../lib/gcc/arm-none-eabi/4.6.2/../../../../arm-none-eabi/lib/armv7e-m/softfp\libstdc++.a(eh_exception.o)
                0x08015120                typeinfo for std::exception
 .rodata._ZTSSt13bad_exception
                0x08015128       0x14 c:/program files (x86)/gnu tools arm embedded/4.6 2012q4/bin/../lib/gcc/arm-none-eabi/4.6.2/../../../../arm-none-eabi/lib/armv7e-m/softfp\libstdc++.a(eh_exception.o)
                0x08015128                typeinfo name for std::bad_exception
 .rodata.str1.4
                0x0801513c       0x23 c:/program files (x86)/gnu tools arm embedded/4.6 2012q4/bin/../lib/gcc/arm-none-eabi/4.6.2/../../../../arm-none-eabi/lib/armv7e-m/softfp\libstdc++.a(eh_exception.o)
                                 0x24 (size before relaxing)
 *fill*         0x0801515f        0x1 00
 .rodata._ZTSN10__cxxabiv119__foreign_exceptionE
                0x08015160       0x24 c:/program files (x86)/gnu tools arm embedded/4.6 2012q4/bin/../lib/gcc/arm-none-eabi/4.6.2/../../../../arm-none-eabi/lib/armv7e-m/softfp\libstdc++.a(eh_exception.o)
                0x08015160                typeinfo name for __cxxabiv1::__foreign_exception
 .rodata._ZTIN10__cxxabiv119__foreign_exceptionE
                0x08015184        0x8 c:/program files (x86)/gnu tools arm embedded/4.6 2012q4/bin/../lib/gcc/arm-none-eabi/4.6.2/../../../../arm-none-eabi/lib/armv7e-m/softfp\libstdc++.a(eh_exception.o)
                0x08015184                typeinfo for __cxxabiv1::__foreign_exception
 *fill*         0x0801518c        0x4 00
 .rodata._ZTVSt13bad_exception
                0x08015190       0x18 c:/program files (x86)/gnu tools arm embedded/4.6 2012q4/bin/../lib/gcc/arm-none-eabi/4.6.2/../../../../arm-none-eabi/lib/armv7e-m/softfp\libstdc++.a(eh_exception.o)
                0x08015190                vtable for std::bad_exception
 .rodata._ZTSSt9exception
                0x080151a8       0x10 c:/program files (x86)/gnu tools arm embedded/4.6 2012q4/bin/../lib/gcc/arm-none-eabi/4.6.2/../../../../arm-none-eabi/lib/armv7e-m/softfp\libstdc++.a(eh_exception.o)
                0x080151a8                typeinfo name for std::exception
 .rodata._ZTSN10__cxxabiv115__forced_unwindE
                0x080151b8       0x20 c:/program files (x86)/gnu tools arm embedded/4.6 2012q4/bin/../lib/gcc/arm-none-eabi/4.6.2/../../../../arm-none-eabi/lib/armv7e-m/softfp\libstdc++.a(eh_exception.o)
                0x080151b8                typeinfo name for __cxxabiv1::__forced_unwind
 .rodata._ZTISt13bad_exception
                0x080151d8        0xc c:/program files (x86)/gnu tools arm embedded/4.6 2012q4/bin/../lib/gcc/arm-none-eabi/4.6.2/../../../../arm-none-eabi/lib/armv7e-m/softfp\libstdc++.a(eh_exception.o)
                0x080151d8                typeinfo for std::bad_exception
 *fill*         0x080151e4        0x4 00
 .rodata._ZTVN10__cxxabiv117__class_type_infoE
                0x080151e8       0x30 c:/program files (x86)/gnu tools arm embedded/4.6 2012q4/bin/../lib/gcc/arm-none-eabi/4.6.2/../../../../arm-none-eabi/lib/armv7e-m/softfp\libstdc++.a(class_type_info.o)
                0x080151e8                vtable for __cxxabiv1::__class_type_info
 .rodata._ZTIN10__cxxabiv117__class_type_infoE
                0x08015218        0xc c:/program files (x86)/gnu tools arm embedded/4.6 2012q4/bin/../lib/gcc/arm-none-eabi/4.6.2/../../../../arm-none-eabi/lib/armv7e-m/softfp\libstdc++.a(class_type_info.o)
                0x08015218                typeinfo for __cxxabiv1::__class_type_info
 .rodata._ZTSN10__cxxabiv117__class_type_infoE
                0x08015224       0x24 c:/program files (x86)/gnu tools arm embedded/4.6 2012q4/bin/../lib/gcc/arm-none-eabi/4.6.2/../../../../arm-none-eabi/lib/armv7e-m/softfp\libstdc++.a(class_type_info.o)
                0x08015224                typeinfo name for __cxxabiv1::__class_type_info
 .rodata._ZTVSt10bad_typeid
                0x08015248       0x18 c:/program files (x86)/gnu tools arm embedded/4.6 2012q4/bin/../lib/gcc/arm-none-eabi/4.6.2/../../../../arm-none-eabi/lib/armv7e-m/softfp\libstdc++.a(bad_typeid.o)
                0x08015248                vtable for std::bad_typeid
 .rodata._ZTISt10bad_typeid
                0x08015260        0xc c:/program files (x86)/gnu tools arm embedded/4.6 2012q4/bin/../lib/gcc/arm-none-eabi/4.6.2/../../../../arm-none-eabi/lib/armv7e-m/softfp\libstdc++.a(bad_typeid.o)
                0x08015260                typeinfo for std::bad_typeid
 .rodata.str1.4
                0x0801526c       0x10 c:/program files (x86)/gnu tools arm embedded/4.6 2012q4/bin/../lib/gcc/arm-none-eabi/4.6.2/../../../../arm-none-eabi/lib/armv7e-m/softfp\libstdc++.a(bad_typeid.o)
 .rodata._ZTSSt10bad_typeid
                0x0801527c       0x10 c:/program files (x86)/gnu tools arm embedded/4.6 2012q4/bin/../lib/gcc/arm-none-eabi/4.6.2/../../../../arm-none-eabi/lib/armv7e-m/softfp\libstdc++.a(bad_typeid.o)
                0x0801527c                typeinfo name for std::bad_typeid
 .rodata._ZTISt9type_info
                0x0801528c        0x8 c:/program files (x86)/gnu tools arm embedded/4.6 2012q4/bin/../lib/gcc/arm-none-eabi/4.6.2/../../../../arm-none-eabi/lib/armv7e-m/softfp\libstdc++.a(tinfo.o)
                0x0801528c                typeinfo for std::type_info
 .rodata._ZTSSt9type_info
                0x08015294       0x10 c:/program files (x86)/gnu tools arm embedded/4.6 2012q4/bin/../lib/gcc/arm-none-eabi/4.6.2/../../../../arm-none-eabi/lib/armv7e-m/softfp\libstdc++.a(tinfo.o)
                0x08015294                typeinfo name for std::type_info
 *fill*         0x080152a4        0x4 00
 .rodata._ZTVSt9type_info
                0x080152a8       0x20 c:/program files (x86)/gnu tools arm embedded/4.6 2012q4/bin/../lib/gcc/arm-none-eabi/4.6.2/../../../../arm-none-eabi/lib/armv7e-m/softfp\libstdc++.a(tinfo.o)
                0x080152a8                vtable for std::type_info
 .rodata._ZTIPv
                0x080152c8       0x10 c:/program files (x86)/gnu tools arm embedded/4.6 2012q4/bin/../lib/gcc/arm-none-eabi/4.6.2/../../../../arm-none-eabi/lib/armv7e-m/softfp\libstdc++.a(fundamental_type_info.o)
                0x080152c8                typeinfo for void*
 .rodata._ZTIv  0x080152d8        0x8 c:/program files (x86)/gnu tools arm embedded/4.6 2012q4/bin/../lib/gcc/arm-none-eabi/4.6.2/../../../../arm-none-eabi/lib/armv7e-m/softfp\libstdc++.a(fundamental_type_info.o)
                0x080152d8                typeinfo for void
 .rodata._ZTSPv
                0x080152e0        0x4 c:/program files (x86)/gnu tools arm embedded/4.6 2012q4/bin/../lib/gcc/arm-none-eabi/4.6.2/../../../../arm-none-eabi/lib/armv7e-m/softfp\libstdc++.a(fundamental_type_info.o)
                0x080152e0                typeinfo name for void*
 .rodata._ZTSv  0x080152e4        0x4 c:/program files (x86)/gnu tools arm embedded/4.6 2012q4/bin/../lib/gcc/arm-none-eabi/4.6.2/../../../../arm-none-eabi/lib/armv7e-m/softfp\libstdc++.a(fundamental_type_info.o)
                0x080152e4                typeinfo name for void
 .rodata._ZTIN10__cxxabiv123__fundamental_type_infoE
                0x080152e8        0xc c:/program files (x86)/gnu tools arm embedded/4.6 2012q4/bin/../lib/gcc/arm-none-eabi/4.6.2/../../../../arm-none-eabi/lib/armv7e-m/softfp\libstdc++.a(fundamental_type_info.o)
                0x080152e8                typeinfo for __cxxabiv1::__fundamental_type_info
 .rodata._ZTSN10__cxxabiv123__fundamental_type_infoE
                0x080152f4       0x28 c:/program files (x86)/gnu tools arm embedded/4.6 2012q4/bin/../lib/gcc/arm-none-eabi/4.6.2/../../../../arm-none-eabi/lib/armv7e-m/softfp\libstdc++.a(fundamental_type_info.o)
                0x080152f4                typeinfo name for __cxxabiv1::__fundamental_type_info
 *fill*         0x0801531c        0x4 00
 .rodata._ZTVN10__cxxabiv123__fundamental_type_infoE
                0x08015320       0x20 c:/program files (x86)/gnu tools arm embedded/4.6 2012q4/bin/../lib/gcc/arm-none-eabi/4.6.2/../../../../arm-none-eabi/lib/armv7e-m/softfp\libstdc++.a(fundamental_type_info.o)
                0x08015320                vtable for __cxxabiv1::__fundamental_type_info
 .rodata.str1.4
                0x08015340       0x94 c:/program files (x86)/gnu tools arm embedded/4.6 2012q4/bin/../lib/gcc/arm-none-eabi/4.6.2/../../../../arm-none-eabi/lib/armv7e-m/softfp\libstdc++.a(vterminate.o)
 .rodata._ZTSN10__cxxabiv119__pointer_type_infoE
                0x080153d4       0x24 c:/program files (x86)/gnu tools arm embedded/4.6 2012q4/bin/../lib/gcc/arm-none-eabi/4.6.2/../../../../arm-none-eabi/lib/armv7e-m/softfp\libstdc++.a(pointer_type_info.o)
                0x080153d4                typeinfo name for __cxxabiv1::__pointer_type_info
 .rodata._ZTIN10__cxxabiv119__pointer_type_infoE
                0x080153f8        0xc c:/program files (x86)/gnu tools arm embedded/4.6 2012q4/bin/../lib/gcc/arm-none-eabi/4.6.2/../../../../arm-none-eabi/lib/armv7e-m/softfp\libstdc++.a(pointer_type_info.o)
                0x080153f8                typeinfo for __cxxabiv1::__pointer_type_info
 *fill*         0x08015404        0x4 00
 .rodata._ZTVN10__cxxabiv119__pointer_type_infoE
                0x08015408       0x28 c:/program files (x86)/gnu tools arm embedded/4.6 2012q4/bin/../lib/gcc/arm-none-eabi/4.6.2/../../../../arm-none-eabi/lib/armv7e-m/softfp\libstdc++.a(pointer_type_info.o)
                0x08015408                vtable for __cxxabiv1::__pointer_type_info
 .rodata._ZTIN10__cxxabiv117__pbase_type_infoE
                0x08015430        0xc c:/program files (x86)/gnu tools arm embedded/4.6 2012q4/bin/../lib/gcc/arm-none-eabi/4.6.2/../../../../arm-none-eabi/lib/armv7e-m/softfp\libstdc++.a(pbase_type_info.o)
                0x08015430                typeinfo for __cxxabiv1::__pbase_type_info
 .rodata._ZTSN10__cxxabiv117__pbase_type_infoE
                0x0801543c       0x24 c:/program files (x86)/gnu tools arm embedded/4.6 2012q4/bin/../lib/gcc/arm-none-eabi/4.6.2/../../../../arm-none-eabi/lib/armv7e-m/softfp\libstdc++.a(pbase_type_info.o)
                0x0801543c                typeinfo name for __cxxabiv1::__pbase_type_info
 .rodata._ZTVN10__cxxabiv117__pbase_type_infoE
                0x08015460       0x28 c:/program files (x86)/gnu tools arm embedded/4.6 2012q4/bin/../lib/gcc/arm-none-eabi/4.6.2/../../../../arm-none-eabi/lib/armv7e-m/softfp\libstdc++.a(pbase_type_info.o)
                0x08015460                vtable for __cxxabiv1::__pbase_type_info
 .rodata.str1.4
                0x08015488      0x5bb c:/program files (x86)/gnu tools arm embedded/4.6 2012q4/bin/../lib/gcc/arm-none-eabi/4.6.2/../../../../arm-none-eabi/lib/armv7e-m/softfp\libstdc++.a(cp-demangle.o)
                                0x5cc (size before relaxing)
 *fill*         0x08015a43        0x1 00
 .rodata.str1.4
                0x08015a44        0x2 c:/program files (x86)/gnu tools arm embedded/4.6 2012q4/bin/../lib/gcc/arm-none-eabi/4.6.2/../../../../arm-none-eabi/lib/armv7e-m/softfp\libc.a(lib_a-impure.o)
                                  0x4 (size before relaxing)
 *fill*         0x08015a46        0x2 00
 .rodata._global_impure_ptr
                0x08015a48        0x4 c:/program files (x86)/gnu tools arm embedded/4.6 2012q4/bin/../lib/gcc/arm-none-eabi/4.6.2/../../../../arm-none-eabi/lib/armv7e-m/softfp\libc.a(lib_a-impure.o)
                0x08015a48                _global_impure_ptr
 .rodata.zeroes.6590
                0x08015a4c       0x10 c:/program files (x86)/gnu tools arm embedded/4.6 2012q4/bin/../lib/gcc/arm-none-eabi/4.6.2/../../../../arm-none-eabi/lib/armv7e-m/softfp\libc.a(lib_a-svfprintf.o)
 .rodata.str1.4
                0x08015a5c       0x42 c:/program files (x86)/gnu tools arm embedded/4.6 2012q4/bin/../lib/gcc/arm-none-eabi/4.6.2/../../../../arm-none-eabi/lib/armv7e-m/softfp\libc.a(lib_a-svfprintf.o)
                                 0x44 (size before relaxing)
 *fill*         0x08015a9e        0x2 00
 .rodata.blanks.6589
                0x08015aa0       0x10 c:/program files (x86)/gnu tools arm embedded/4.6 2012q4/bin/../lib/gcc/arm-none-eabi/4.6.2/../../../../arm-none-eabi/lib/armv7e-m/softfp\libc.a(lib_a-svfprintf.o)
 .rodata.str1.4
                0x08015ab0       0x10 c:/program files (x86)/gnu tools arm embedded/4.6 2012q4/bin/../lib/gcc/arm-none-eabi/4.6.2/../../../../arm-none-eabi/lib/armv7e-m/softfp\libc.a(lib_a-dtoa.o)
                                 0x14 (size before relaxing)
 .rodata.str1.4
                0x08015ac0        0x8 c:/program files (x86)/gnu tools arm embedded/4.6 2012q4/bin/../lib/gcc/arm-none-eabi/4.6.2/../../../../arm-none-eabi/lib/armv7e-m/softfp\libc.a(lib_a-locale.o)
                                 0x14 (size before relaxing)
 .rodata.__mprec_tens
                0x08015ac8       0xc8 c:/program files (x86)/gnu tools arm embedded/4.6 2012q4/bin/../lib/gcc/arm-none-eabi/4.6.2/../../../../arm-none-eabi/lib/armv7e-m/softfp\libc.a(lib_a-mprec.o)
                0x08015ac8                __mprec_tens
 .rodata.__mprec_bigtens
                0x08015b90       0x28 c:/program files (x86)/gnu tools arm embedded/4.6 2012q4/bin/../lib/gcc/arm-none-eabi/4.6.2/../../../../arm-none-eabi/lib/armv7e-m/softfp\libc.a(lib_a-mprec.o)
                0x08015b90                __mprec_bigtens
 .rodata.p05.5111
                0x08015bb8        0xc c:/program files (x86)/gnu tools arm embedded/4.6 2012q4/bin/../lib/gcc/arm-none-eabi/4.6.2/../../../../arm-none-eabi/lib/armv7e-m/softfp\libc.a(lib_a-mprec.o)
                0x08015bc4                . = ALIGN (0x4)

.ARM.extab      0x08015bc4      0x294
 *(.ARM.extab* .gnu.linkonce.armextab.*)
 .ARM.extab.text._ZN9RF24_ImplD2Ev
                0x08015bc4        0x0 main.o
 .ARM.extab.text._ZN9RF24_ImplD0Ev
                0x08015bc4        0x0 main.o
 .ARM.extab.text.main
                0x08015bc4       0x20 main.o
 .ARM.extab.text._ZL18SystemClock_Configv
                0x08015be4        0xc main.o
 .ARM.extab.text._ZN9RF24_ImplC2Ev
                0x08015bf0        0xc RF24_Impl.o
 .ARM.extab.text._ZN9RF24_Impl5delayEm
                0x08015bfc        0xc RF24_Impl.o
 .ARM.extab.text._ZN9RF24_Impl7csnHighEv
                0x08015c08        0xc RF24_Impl.o
 .ARM.extab.text._ZN9RF24_Impl6csnLowEv
                0x08015c14        0xc RF24_Impl.o
 .ARM.extab.text._ZN9RF24_Impl6ceHighEv
                0x08015c20        0xc RF24_Impl.o
 .ARM.extab.text._ZN9RF24_Impl5ceLowEv
                0x08015c2c        0xc RF24_Impl.o
 .ARM.extab.text._ZN9RF24_Impl11spiTransferEh
                0x08015c38        0xc RF24_Impl.o
 .ARM.extab.text._ZN4RF245beginEv
                0x08015c44        0xc RF24\RF24.o
 .ARM.extab.text._ZN4RF2413read_registerEh
                0x08015c50        0xc RF24\RF24.o
 .ARM.extab.text._ZN4RF2414write_registerEhPKhh
                0x08015c5c        0xc RF24\RF24.o
 .ARM.extab.text._ZN4RF2414write_registerEhh
                0x08015c68        0xc RF24\RF24.o
 .ARM.extab.text._ZN4RF2413write_payloadEPKvh
                0x08015c74        0xc RF24\RF24.o
 .ARM.extab.text._ZN4RF2412read_payloadEPvh